******************************************************************************
        TMS320C2000 COFF Linker PC v4.1.3                      
******************************************************************************
>> Linked Wed Dec 16 16:31:02 2015

OUTPUT FILE NAME:   <./Debug/SendLWC.out>
ENTRY POINT SYMBOL: "_c_int00"  address: 003f02f0


MEMORY CONFIGURATION

                  name            origin    length      used    attr    fill
         ----------------------  --------  ---------  --------  ----  --------
PAGE  0: RAML0                   00008000   00001000  0000001b  RWIX
         //RAML1                 00009000   00001000  00000000  RWIX
         OTP                     003d7800   00000800  00000000  RWIX
         FLASH_J                 003d8000   00002000  00000000  RWIX
         FLASH_I                 003da000   00002000  00000000  RWIX
         FLASH_H                 003dc000   00004000  00000000  RWIX
         FLASH_G                 003e0000   00004000  00000000  RWIX
         FLASH_F                 003e4000   00004000  00000000  RWIX
         FLASH_E                 003e8000   00004000  0000003c  RWIX
         FLASH_D                 003ec000   00004000  0000001b  RWIX
         FLASH_C                 003f0000   00004000  00000388  RWIX
         FLASH_A                 003f7000   00000f80  00000000  RWIX
         CSM_RSVD                003f7f80   00000076  00000076  RWIX
         BEGIN                   003f7ff6   00000002  00000002  RWIX
         PASSWORDS               003f7ff8   00000008  00000008  RWIX
         ROM                     003ff000   00000fc0  00000000  RWIX
         RESET                   003fffc0   00000002  00000000  RWIX
         VECTORS                 003fffc2   0000003e  00000000  RWIX

PAGE  1: RAMM01                  00000000   00000800  00000190  RWIX
         DEV_EMU                 00000880   00000180  000000d6  RWIX
         FLASH_REGS              00000a80   00000060  00000008  RWIX
         CSM                     00000ae0   00000010  00000010  RWIX
         XINTF                   00000b20   00000020  00000000  RWIX
         CPU_TIMER0              00000c00   00000008  00000000  RWIX
         CPU_TIMER1              00000c08   00000008  00000000  RWIX
         CPU_TIMER2              00000c10   00000008  00000000  RWIX
         PIE_CTRL                00000ce0   00000020  0000001a  RWIX
         PIE_VECT                00000d00   00000100  00000100  RWIX
         ECAN_A                  00006000   00000100  00000000  RWIX
         ECAN_AMBOX              00006100   00000100  00000000  RWIX
         SYSTEM                  00007010   00000020  00000020  RWIX
         SPI_A                   00007040   00000010  00000000  RWIX
         SCI_A                   00007050   00000010  00000010  RWIX
         XINTRUPT                00007070   00000010  00000010  RWIX
         GPIOMUX                 000070c0   00000020  00000020  RWIX
         GPIODAT                 000070e0   00000020  00000020  RWIX
         ADC                     00007100   00000020  0000001a  RWIX
         EV_A                    00007400   00000040  00000032  RWIX
         EV_B                    00007500   00000040  00000032  RWIX
         SCI_B                   00007750   00000010  00000010  RWIX
         MCBSP_A                 00007800   00000040  00000000  RWIX
         RAML1                   00009000   00001000  00000094  RWIX
         FLASH_B                 003f4000   00003000  00000100  RWIX
         CSM_PWL                 003f7ff8   00000008  00000008  RWIX
         RAMH0                   003f8000   00002000  00000000  RWIX


SECTION ALLOCATION MAP

 output                                  attributes/
section   page    origin      length       input sections
--------  ----  ----------  ----------   ----------------
.cinit     0    003e8000    0000003c     
                  003e8000    00000028     SCI_TEST.obj (.cinit)
                  003e8028    0000000b     rts2800.lib : exit.obj (.cinit)
                  003e8033    00000008                 : _lock.obj (.cinit)
                  003e803b    00000001     --HOLE-- [fill = 0]

ramfuncs   0    003ec000    0000001b     RUN ADDR = 00008000
                  003ec000    0000001b     SCI_TEST.obj (ramfuncs)

.pinit     0    003f0000    00000000     UNINITIALIZED

.text      0    003f0000    00000388     
                  003f0000    00000007     CodeStartBranch.obj (.text)
                  003f0007    00000015     DSP281x_MemCopy.obj (.text)
                  003f001c    0000018c     DSP28_DefaultIsr.obj (.text)
                  003f01a8    00000021     DSP28_PieCtrl.obj (.text)
                  003f01c9    00000020     DSP28_PieVect.obj (.text)
                  003f01e9    00000107     SCI_TEST.obj (.text)
                  003f02f0    00000044     rts2800.lib : boot.obj (.text)
                  003f0334    0000003d                 : exit.obj (.text)
                  003f0371    00000007                 : _lock.obj (.text)
                  003f0378    00000010                 : args_main.obj (.text)

csm_rsvd   0    003f7f80    00000076     
                  003f7f80    00000076     Passwords.obj (csm_rsvd)

codestart 
*          0    003f7ff6    00000002     
                  003f7ff6    00000002     CodeStartBranch.obj (codestart)

passwords 
*          0    003f7ff8    00000008     
                  003f7ff8    00000008     Passwords.obj (passwords)

.reset     0    003fffc0    00000002     DSECT
                  003fffc0    00000002     rts2800.lib : boot.obj (.reset)

vectors    0    003fffc2    00000000     DSECT

ramdata    1    00000000    00000000     UNINITIALIZED

.data      1    00000000    00000000     UNINITIALIZED

.stack     1    00000000    00000190     UNINITIALIZED

DevEmuRegsFile 
*          1    00000880    000000d6     UNINITIALIZED
                  00000880    000000d6     DSP28_GlobalVariableDefs.obj (DevEmuRegsFile)

FlashRegsFile 
*          1    00000a80    00000008     UNINITIALIZED
                  00000a80    00000008     DSP28_GlobalVariableDefs.obj (FlashRegsFile)

CsmRegsFile 
*          1    00000ae0    00000010     UNINITIALIZED
                  00000ae0    00000010     DSP28_GlobalVariableDefs.obj (CsmRegsFile)

XintfRegsFile 
*          1    00000b20    00000000     UNINITIALIZED

CpuTimer0RegsFile 
*          1    00000c00    00000000     UNINITIALIZED

CpuTimer1RegsFile 
*          1    00000c08    00000000     UNINITIALIZED

CpuTimer2RegsFile 
*          1    00000c10    00000000     UNINITIALIZED

PieCtrlRegsFile 
*          1    00000ce0    0000001a     UNINITIALIZED
                  00000ce0    0000001a     DSP28_GlobalVariableDefs.obj (PieCtrlRegsFile)

PieVectTable 
*          1    00000d00    00000100     UNINITIALIZED
                  00000d00    00000100     DSP28_GlobalVariableDefs.obj (PieVectTable)

ECanaRegsFile 
*          1    00006000    00000000     UNINITIALIZED

ECanaMboxesFile 
*          1    00006100    00000000     UNINITIALIZED

SysCtrlRegsFile 
*          1    00007010    00000020     UNINITIALIZED
                  00007010    00000020     DSP28_GlobalVariableDefs.obj (SysCtrlRegsFile)

SpiaRegsFile 
*          1    00007040    00000000     UNINITIALIZED

SciaRegsFile 
*          1    00007050    00000010     UNINITIALIZED
                  00007050    00000010     DSP28_GlobalVariableDefs.obj (SciaRegsFile)

XIntruptRegsFile 
*          1    00007070    00000010     UNINITIALIZED
                  00007070    00000010     DSP28_GlobalVariableDefs.obj (XIntruptRegsFile)

GpioMuxRegsFile 
*          1    000070c0    00000020     UNINITIALIZED
                  000070c0    00000020     DSP28_GlobalVariableDefs.obj (GpioMuxRegsFile)

GpioDataRegsFile 
*          1    000070e0    00000020     UNINITIALIZED
                  000070e0    00000020     DSP28_GlobalVariableDefs.obj (GpioDataRegsFile)

AdcRegsFile 
*          1    00007100    0000001a     UNINITIALIZED
                  00007100    0000001a     DSP28_GlobalVariableDefs.obj (AdcRegsFile)

EvaRegsFile 
*          1    00007400    00000032     UNINITIALIZED
                  00007400    00000032     DSP28_GlobalVariableDefs.obj (EvaRegsFile)

EvbRegsFile 
*          1    00007500    00000032     UNINITIALIZED
                  00007500    00000032     DSP28_GlobalVariableDefs.obj (EvbRegsFile)

ScibRegsFile 
*          1    00007750    00000010     UNINITIALIZED
                  00007750    00000010     DSP28_GlobalVariableDefs.obj (ScibRegsFile)

McbspaRegsFile 
*          1    00007800    00000000     UNINITIALIZED

.bss       1    00009000    00000084     UNINITIALIZED
                  00009000    00000080     rts2800.lib : exit.obj (.bss)
                  00009080    00000004                 : _lock.obj (.bss)

.ebss      1    00009084    00000010     UNINITIALIZED
                  00009084    00000010     SCI_TEST.obj (.ebss)

.const     1    003f4000    00000000     UNINITIALIZED

.switch    1    003f4000    00000000     UNINITIALIZED

.econst    1    003f4000    00000100     
                  003f4000    00000100     DSP28_PieVect.obj (.econst)

CsmPwlFile 
*          1    003f7ff8    00000008     UNINITIALIZED
                  003f7ff8    00000008     DSP28_GlobalVariableDefs.obj (CsmPwlFile)

.sysmem    1    003f8000    00000000     UNINITIALIZED

.esysmem   1    003f8000    00000000     UNINITIALIZED


GLOBAL SYMBOLS: SORTED ALPHABETICALLY BY Name 

address    name
--------   ----
00009000   .bss
00000000   .data
003f0000   .text
003f0353   C$$EXIT
003f0034   _ADCINT_ISR
00007100   _AdcRegs
003f00fa   _CAPINT1_ISR
003f0100   _CAPINT2_ISR
003f0106   _CAPINT3_ISR
003f0154   _CAPINT4_ISR
003f015a   _CAPINT5_ISR
003f0160   _CAPINT6_ISR
003f00be   _CMP1INT_ISR
003f00c4   _CMP2INT_ISR
003f00ca   _CMP3INT_ISR
003f0112   _CMP4INT_ISR
003f0118   _CMP5INT_ISR
003f011e   _CMP6INT_ISR
003f7ff8   _CsmPwl
00000ae0   _CsmRegs
003f004c   _DATALOG_ISR
00000880   _DevEmuRegs
003f0213   _E422_Send
003f0190   _ECAN0INTA_ISR
003f0196   _ECAN1INTA_ISR
003f0058   _EMUINT_ISR
00009089   _ERROR1
0000908a   _ERROR2
00007400   _EvaRegs
00007500   _EvbRegs
00000a80   _FlashRegs
000070e0   _GpioDataRegs
000070c0   _GpioMuxRegs
00009086   _ICE
003f005e   _ILLEGAL_ISR
003f003a   _INT13_ISR
003f0040   _INT14_ISR
00008000   _InitFlash
003f01a8   _InitPieCtrl
003f01c9   _InitPieVectTable
003f01f6   _InitSci
003f023e   _InitSysCtrl
00009087   _LWC
003f0166   _MRINTA_ISR
003f016c   _MXINTA_ISR
003f0007   _MemCopy
003f0046   _NMI_ISR
003f00b8   _PDPINTA_ISR
003f010c   _PDPINTB_ISR
003f019c   _PIE_RESERVED
00000ce0   _PieCtrl
00000d00   _PieVectTable
003f4000   _PieVectTableInit
003f0052   _RTOSINT_ISR
003ec01b   _RamfuncsLoadEnd
003ec000   _RamfuncsLoadStart
00008000   _RamfuncsRunStart
003f001c   _SCIRXINTA_ISR
003f0184   _SCIRXINTB_ISR
003f017e   _SCITXINTA_ISR
003f018a   _SCITXINTB_ISR
003f0172   _SPIRXINTA_ISR
003f0178   _SPITXINTA_ISR
00007050   _SciaRegs
00007750   _ScibRegs
00007010   _SysCtrlRegs
003f00d0   _T1CINT_ISR
003f00dc   _T1OFINT_ISR
003f0022   _T1PINT_ISR
003f00d6   _T1UFINT_ISR
003f00e8   _T2CINT_ISR
003f00f4   _T2OFINT_ISR
003f00e2   _T2PINT_ISR
003f00ee   _T2UFINT_ISR
003f012a   _T3CINT_ISR
003f0136   _T3OFINT_ISR
003f0124   _T3PINT_ISR
003f0130   _T3UFINT_ISR
003f0142   _T4CINT_ISR
003f014e   _T4OFINT_ISR
003f013c   _T4PINT_ISR
003f0148   _T4UFINT_ISR
003f00ac   _TINT0_ISR
003f0064   _USER0_ISR
003f00a0   _USER10_ISR
003f00a6   _USER11_ISR
003f006a   _USER1_ISR
003f0070   _USER2_ISR
003f0076   _USER3_ISR
003f007c   _USER4_ISR
003f0082   _USER5_ISR
003f0088   _USER6_ISR
003f008e   _USER7_ISR
003f0094   _USER8_ISR
003f009a   _USER9_ISR
003f00b2   _WAKEINT_ISR
003f0028   _XINT1_ISR
003f002e   _XINT2_ISR
00007070   _XIntruptRegs
00000190   __STACK_SIZE
ffffffff   ___binit__
00009000   ___bss__
ffffffff   ___c_args__
003e8000   ___cinit__
00000000   ___data__
00000000   ___edata__
00009084   ___end__
003f0388   ___etext__
ffffffff   ___pinit__
003f0000   ___text__
003f0378   __args_main
00009004   __cleanup_ptr
00009002   __dtors_ptr
00009082   __lock
003f0371   __nop
003f0372   __register_lock
003f0375   __register_unlock
00009080   __unlock
003f0370   _abort
003f0355   _atexit
003f02f0   _c_int00
00009084   _count
003f0225   _eva_timer1_isr
003f0334   _exit
00009088   _i
003f01e9   _init_eva_timer1
00009085   _j
003f026b   _main
003f01a2   _rsvd_ISR
0000908b   _sj
ffffffff   binit
003e8000   cinit
003f7ff6   code_start
00000000   edata
00009084   end
003f0388   etext
ffffffff   pinit


GLOBAL SYMBOLS: SORTED BY Symbol Address 

address    name
--------   ----
00000000   edata
00000000   ___data__
00000000   ___edata__
00000000   .data
00000190   __STACK_SIZE
00000880   _DevEmuRegs
00000a80   _FlashRegs
00000ae0   _CsmRegs
00000ce0   _PieCtrl
00000d00   _PieVectTable
00007010   _SysCtrlRegs
00007050   _SciaRegs
00007070   _XIntruptRegs
000070c0   _GpioMuxRegs
000070e0   _GpioDataRegs
00007100   _AdcRegs
00007400   _EvaRegs
00007500   _EvbRegs
00007750   _ScibRegs
00008000   _RamfuncsRunStart
00008000   _InitFlash
00009000   ___bss__
00009000   .bss
00009002   __dtors_ptr
00009004   __cleanup_ptr
00009080   __unlock
00009082   __lock
00009084   ___end__
00009084   end
00009084   _count
00009085   _j
00009086   _ICE
00009087   _LWC
00009088   _i
00009089   _ERROR1
0000908a   _ERROR2
0000908b   _sj
003e8000   ___cinit__
003e8000   cinit
003ec000   _RamfuncsLoadStart
003ec01b   _RamfuncsLoadEnd
003f0000   .text
003f0000   ___text__
003f0007   _MemCopy
003f001c   _SCIRXINTA_ISR
003f0022   _T1PINT_ISR
003f0028   _XINT1_ISR
003f002e   _XINT2_ISR
003f0034   _ADCINT_ISR
003f003a   _INT13_ISR
003f0040   _INT14_ISR
003f0046   _NMI_ISR
003f004c   _DATALOG_ISR
003f0052   _RTOSINT_ISR
003f0058   _EMUINT_ISR
003f005e   _ILLEGAL_ISR
003f0064   _USER0_ISR
003f006a   _USER1_ISR
003f0070   _USER2_ISR
003f0076   _USER3_ISR
003f007c   _USER4_ISR
003f0082   _USER5_ISR
003f0088   _USER6_ISR
003f008e   _USER7_ISR
003f0094   _USER8_ISR
003f009a   _USER9_ISR
003f00a0   _USER10_ISR
003f00a6   _USER11_ISR
003f00ac   _TINT0_ISR
003f00b2   _WAKEINT_ISR
003f00b8   _PDPINTA_ISR
003f00be   _CMP1INT_ISR
003f00c4   _CMP2INT_ISR
003f00ca   _CMP3INT_ISR
003f00d0   _T1CINT_ISR
003f00d6   _T1UFINT_ISR
003f00dc   _T1OFINT_ISR
003f00e2   _T2PINT_ISR
003f00e8   _T2CINT_ISR
003f00ee   _T2UFINT_ISR
003f00f4   _T2OFINT_ISR
003f00fa   _CAPINT1_ISR
003f0100   _CAPINT2_ISR
003f0106   _CAPINT3_ISR
003f010c   _PDPINTB_ISR
003f0112   _CMP4INT_ISR
003f0118   _CMP5INT_ISR
003f011e   _CMP6INT_ISR
003f0124   _T3PINT_ISR
003f012a   _T3CINT_ISR
003f0130   _T3UFINT_ISR
003f0136   _T3OFINT_ISR
003f013c   _T4PINT_ISR
003f0142   _T4CINT_ISR
003f0148   _T4UFINT_ISR
003f014e   _T4OFINT_ISR
003f0154   _CAPINT4_ISR
003f015a   _CAPINT5_ISR
003f0160   _CAPINT6_ISR
003f0166   _MRINTA_ISR
003f016c   _MXINTA_ISR
003f0172   _SPIRXINTA_ISR
003f0178   _SPITXINTA_ISR
003f017e   _SCITXINTA_ISR
003f0184   _SCIRXINTB_ISR
003f018a   _SCITXINTB_ISR
003f0190   _ECAN0INTA_ISR
003f0196   _ECAN1INTA_ISR
003f019c   _PIE_RESERVED
003f01a2   _rsvd_ISR
003f01a8   _InitPieCtrl
003f01c9   _InitPieVectTable
003f01e9   _init_eva_timer1
003f01f6   _InitSci
003f0213   _E422_Send
003f0225   _eva_timer1_isr
003f023e   _InitSysCtrl
003f026b   _main
003f02f0   _c_int00
003f0334   _exit
003f0353   C$$EXIT
003f0355   _atexit
003f0370   _abort
003f0371   __nop
003f0372   __register_lock
003f0375   __register_unlock
003f0378   __args_main
003f0388   ___etext__
003f0388   etext
003f4000   _PieVectTableInit
003f7ff6   code_start
003f7ff8   _CsmPwl
ffffffff   ___pinit__
ffffffff   pinit
ffffffff   binit
ffffffff   ___binit__
ffffffff   ___c_args__

[137 symbols]
