******************************************************************************
        TMS320C2000 COFF Linker PC v4.1.3                      
******************************************************************************
>> Linked Fri Jun 15 16:47:56 2012

OUTPUT FILE NAME:   <./Debug/XZ-62S.out>
ENTRY POINT SYMBOL: "_c_int00"  address: 003f04b1


MEMORY CONFIGURATION

                  name            origin    length      used    attr    fill
         ----------------------  --------  ---------  --------  ----  --------
PAGE  0: RAML0                   00008000   00001000  0000001b  RWIX
         RAML1                   00009000   00001000  00000000  RWIX
         OTP                     003d7800   00000800  00000000  RWIX
         FLASH_J                 003d8000   00002000  00000000  RWIX
         FLASH_I                 003da000   00002000  00000000  RWIX
         FLASH_H                 003dc000   00004000  00000000  RWIX
         FLASH_G                 003e0000   00004000  00000000  RWIX
         FLASH_F                 003e4000   00004000  00000000  RWIX
         FLASH_E                 003e8000   00004000  00000048  RWIX
         FLASH_D                 003ec000   00004000  0000001b  RWIX
         FLASH_C                 003f0000   00004000  00000549  RWIX
         FLASH_A                 003f7000   00000f80  00000000  RWIX
         CSM_RSVD                003f7f80   00000076  00000076  RWIX
         BEGIN                   003f7ff6   00000002  00000002  RWIX
         PASSWORDS               003f7ff8   00000008  00000008  RWIX
         ROM                     003ff000   00000fc0  00000000  RWIX
         RESET                   003fffc0   00000002  00000000  RWIX
         VECTORS                 003fffc2   0000003e  00000000  RWIX

PAGE  1: RAMM01                  00000000   00000800  00000190  RWIX
         DEV_EMU                 00000880   00000180  000000d6  RWIX
         FLASH_REGS              00000a80   00000060  00000008  RWIX
         CSM                     00000ae0   00000010  00000010  RWIX
         XINTF                   00000b20   00000020  00000020  RWIX
         CPU_TIMER0              00000c00   00000008  00000008  RWIX
         CPU_TIMER1              00000c08   00000008  00000008  RWIX
         CPU_TIMER2              00000c10   00000008  00000008  RWIX
         PIE_CTRL                00000ce0   00000020  0000001a  RWIX
         PIE_VECT                00000d00   00000100  00000100  RWIX
         ECAN_A                  00006000   00000100  00000034  RWIX
         ECAN_AMBOX              00006100   00000100  00000100  RWIX
         SYSTEM                  00007010   00000020  00000020  RWIX
         SPI_A                   00007040   00000010  00000010  RWIX
         SCI_A                   00007050   00000010  00000010  RWIX
         XINTRUPT                00007070   00000010  00000010  RWIX
         GPIOMUX                 000070c0   00000020  00000020  RWIX
         GPIODAT                 000070e0   00000020  00000020  RWIX
         ADC                     00007100   00000020  0000001a  RWIX
         EV_A                    00007400   00000040  00000032  RWIX
         EV_B                    00007500   00000040  00000032  RWIX
         SCI_B                   00007750   00000010  00000010  RWIX
         MCBSP_A                 00007800   00000040  00000025  RWIX
         RAML1                   00009000   00001000  000000b8  RWIX
         FLASH_B                 003f4000   00003000  00000100  RWIX
         CSM_PWL                 003f7ff8   00000008  00000008  RWIX
         RAMH0                   003f8000   00002000  00000000  RWIX


SECTION ALLOCATION MAP

 output                                  attributes/
section   page    origin      length       input sections
--------  ----  ----------  ----------   ----------------
.cinit     0    003e8000    00000048     
                  003e8000    00000034     XZ-62S.obj (.cinit)
                  003e8034    0000000b     rts2800.lib : exit.obj (.cinit)
                  003e803f    00000008                 : _lock.obj (.cinit)
                  003e8047    00000001     --HOLE-- [fill = 0]

ramfuncs   0    003ec000    0000001b     RUN ADDR = 00008000
                  003ec000    0000001b     XZ-62S.obj (ramfuncs)

.pinit     0    003f0000    00000000     UNINITIALIZED

.text      0    003f0000    00000549     
                  003f0000    00000007     CodeStartBranch.obj (.text)
                  003f0007    00000015     DSP281x_MemCopy.obj (.text)
                  003f001c    00000154     DSP28_DefaultIsr.obj (.text)
                  003f0170    00000021     DSP28_PieCtrl.obj (.text)
                  003f0191    00000020     DSP28_PieVect.obj (.text)
                  003f01b1    00000300     XZ-62S.obj (.text)
                  003f04b1    00000044     rts2800.lib : boot.obj (.text)
                  003f04f5    0000003d                 : exit.obj (.text)
                  003f0532    00000007                 : _lock.obj (.text)
                  003f0539    00000010                 : args_main.obj (.text)

csm_rsvd   0    003f7f80    00000076     
                  003f7f80    00000076     Passwords.obj (csm_rsvd)

codestart 
*          0    003f7ff6    00000002     
                  003f7ff6    00000002     CodeStartBranch.obj (codestart)

passwords 
*          0    003f7ff8    00000008     
                  003f7ff8    00000008     Passwords.obj (passwords)

.reset     0    003fffc0    00000002     DSECT
                  003fffc0    00000002     rts2800.lib : boot.obj (.reset)

vectors    0    003fffc2    00000000     DSECT

ramdata    1    00000000    00000000     UNINITIALIZED

.data      1    00000000    00000000     UNINITIALIZED

.stack     1    00000000    00000190     UNINITIALIZED

DevEmuRegsFile 
*          1    00000880    000000d6     UNINITIALIZED
                  00000880    000000d6     DSP28_GlobalVariableDefs.obj (DevEmuRegsFile)

FlashRegsFile 
*          1    00000a80    00000008     UNINITIALIZED
                  00000a80    00000008     DSP28_GlobalVariableDefs.obj (FlashRegsFile)

CsmRegsFile 
*          1    00000ae0    00000010     UNINITIALIZED
                  00000ae0    00000010     DSP28_GlobalVariableDefs.obj (CsmRegsFile)

XintfRegsFile 
*          1    00000b20    00000020     UNINITIALIZED
                  00000b20    00000020     DSP28_GlobalVariableDefs.obj (XintfRegsFile)

CpuTimer0RegsFile 
*          1    00000c00    00000008     UNINITIALIZED
                  00000c00    00000008     DSP28_GlobalVariableDefs.obj (CpuTimer0RegsFile)

CpuTimer1RegsFile 
*          1    00000c08    00000008     UNINITIALIZED
                  00000c08    00000008     DSP28_GlobalVariableDefs.obj (CpuTimer1RegsFile)

CpuTimer2RegsFile 
*          1    00000c10    00000008     UNINITIALIZED
                  00000c10    00000008     DSP28_GlobalVariableDefs.obj (CpuTimer2RegsFile)

PieCtrlRegsFile 
*          1    00000ce0    0000001a     UNINITIALIZED
                  00000ce0    0000001a     DSP28_GlobalVariableDefs.obj (PieCtrlRegsFile)

PieVectTable 
*          1    00000d00    00000100     UNINITIALIZED
                  00000d00    00000100     DSP28_GlobalVariableDefs.obj (PieVectTable)

ECanaRegsFile 
*          1    00006000    00000034     UNINITIALIZED
                  00006000    00000034     DSP28_GlobalVariableDefs.obj (ECanaRegsFile)

ECanaMboxesFile 
*          1    00006100    00000100     UNINITIALIZED
                  00006100    00000100     DSP28_GlobalVariableDefs.obj (ECanaMboxesFile)

SysCtrlRegsFile 
*          1    00007010    00000020     UNINITIALIZED
                  00007010    00000020     DSP28_GlobalVariableDefs.obj (SysCtrlRegsFile)

SpiaRegsFile 
*          1    00007040    00000010     UNINITIALIZED
                  00007040    00000010     DSP28_GlobalVariableDefs.obj (SpiaRegsFile)

SciaRegsFile 
*          1    00007050    00000010     UNINITIALIZED
                  00007050    00000010     DSP28_GlobalVariableDefs.obj (SciaRegsFile)

XIntruptRegsFile 
*          1    00007070    00000010     UNINITIALIZED
                  00007070    00000010     DSP28_GlobalVariableDefs.obj (XIntruptRegsFile)

GpioMuxRegsFile 
*          1    000070c0    00000020     UNINITIALIZED
                  000070c0    00000020     DSP28_GlobalVariableDefs.obj (GpioMuxRegsFile)

GpioDataRegsFile 
*          1    000070e0    00000020     UNINITIALIZED
                  000070e0    00000020     DSP28_GlobalVariableDefs.obj (GpioDataRegsFile)

AdcRegsFile 
*          1    00007100    0000001a     UNINITIALIZED
                  00007100    0000001a     DSP28_GlobalVariableDefs.obj (AdcRegsFile)

EvaRegsFile 
*          1    00007400    00000032     UNINITIALIZED
                  00007400    00000032     DSP28_GlobalVariableDefs.obj (EvaRegsFile)

EvbRegsFile 
*          1    00007500    00000032     UNINITIALIZED
                  00007500    00000032     DSP28_GlobalVariableDefs.obj (EvbRegsFile)

ScibRegsFile 
*          1    00007750    00000010     UNINITIALIZED
                  00007750    00000010     DSP28_GlobalVariableDefs.obj (ScibRegsFile)

McbspaRegsFile 
*          1    00007800    00000025     UNINITIALIZED
                  00007800    00000025     DSP28_GlobalVariableDefs.obj (McbspaRegsFile)

.bss       1    00009000    00000084     UNINITIALIZED
                  00009000    00000080     rts2800.lib : exit.obj (.bss)
                  00009080    00000004                 : _lock.obj (.bss)

.ebss      1    00009084    00000034     UNINITIALIZED
                  00009084    00000034     XZ-62S.obj (.ebss)

.const     1    003f4000    00000000     UNINITIALIZED

.switch    1    003f4000    00000000     UNINITIALIZED

.econst    1    003f4000    00000100     
                  003f4000    00000100     DSP28_PieVect.obj (.econst)

CsmPwlFile 
*          1    003f7ff8    00000008     UNINITIALIZED
                  003f7ff8    00000008     DSP28_GlobalVariableDefs.obj (CsmPwlFile)

.sysmem    1    003f8000    00000000     UNINITIALIZED

.esysmem   1    003f8000    00000000     UNINITIALIZED


GLOBAL SYMBOLS: SORTED ALPHABETICALLY BY Name 

address    name
--------   ----
00009000   .bss
00000000   .data
003f0000   .text
003f0514   C$$EXIT
003f0085   _ADCINT_ISR
00007100   _AdcRegs
003f00d0   _CAPINT1_ISR
003f00d5   _CAPINT2_ISR
003f00da   _CAPINT3_ISR
003f011b   _CAPINT4_ISR
003f0120   _CAPINT5_ISR
003f0125   _CAPINT6_ISR
003f0099   _CMP1INT_ISR
003f009e   _CMP2INT_ISR
003f00a3   _CMP3INT_ISR
003f00e4   _CMP4INT_ISR
003f00e9   _CMP5INT_ISR
003f00ee   _CMP6INT_ISR
00000c00   _CpuTimer0Regs
00000c08   _CpuTimer1Regs
00000c10   _CpuTimer2Regs
003f7ff8   _CsmPwl
00000ae0   _CsmRegs
003f0035   _DATALOG_ISR
003f0326   _Data1_Read
003f0304   _Data1_Save
00000880   _DevEmuRegs
003f0152   _ECAN0INTA_ISR
003f03c2   _ECAN0_ISR
003f015c   _ECAN1INTA_ISR
00006100   _ECanaMboxes
00006000   _ECanaRegs
003f003f   _EMUINT_ISR
00007400   _EvaRegs
00007500   _EvbRegs
00009094   _Flag_Controller_Judge
00000a80   _FlashRegs
000070e0   _GpioDataRegs
000070c0   _GpioMuxRegs
0000908f   _HighWord_271_Send
0000908b   _HighWord_272_Send
0000908d   _HighWord_273_Send
00009089   _HighWord_300_Send
00009085   _HighWord_301_Send
00009087   _HighWord_302_Send
0000909b   _HighWord_303_Send
00009097   _HighWord_304_Send
00009099   _HighWord_305_Send
00009095   _HighWord_306_Send
00009091   _HighWord_307_Send
00009093   _HighWord_310_Send
003f0044   _ILLEGAL_ISR
003f001c   _INT13_ISR
003f0021   _INT14_ISR
003f0260   _InitECan
00008000   _InitFlash
003f01e3   _InitGpio
003f0170   _InitPieCtrl
003f0191   _InitPieVectTable
003f01b1   _InitSysCtrl
003f0205   _InitXintf
0000908c   _LowWord_271_Send
0000908a   _LowWord_272_Send
00009098   _LowWord_273_Send
00009086   _LowWord_300_Send
00009084   _LowWord_301_Send
0000908e   _LowWord_302_Send
00009088   _LowWord_303_Send
00009096   _LowWord_304_Send
0000909c   _LowWord_305_Send
00009092   _LowWord_306_Send
00009090   _LowWord_307_Send
0000909a   _LowWord_310_Send
003f012a   _MRINTA_ISR
003f012f   _MXINTA_ISR
00007800   _McbspaRegs
003f0007   _MemCopy
003f0026   _NMI_ISR
003f0094   _PDPINTA_ISR
003f00df   _PDPINTB_ISR
003f0166   _PIE_RESERVED
00000ce0   _PieCtrl
00000d00   _PieVectTable
003f4000   _PieVectTableInit
003f003a   _RTOSINT_ISR
003ec01b   _RamfuncsLoadEnd
003ec000   _RamfuncsLoadStart
00008000   _RamfuncsRunStart
0000909d   _Read_tmp
003f013e   _SCIRXINTA_ISR
003f0148   _SCIRXINTB_ISR
003f0143   _SCITXINTA_ISR
003f014d   _SCITXINTB_ISR
003f0134   _SPIRXINTA_ISR
003f0139   _SPITXINTA_ISR
00007050   _SciaRegs
00007750   _ScibRegs
00007040   _SpiaRegs
00007010   _SysCtrlRegs
003f00ad   _T1CINT_ISR
003f00b7   _T1OFINT_ISR
003f00a8   _T1PINT_ISR
003f00b2   _T1UFINT_ISR
003f00c1   _T2CINT_ISR
003f00cb   _T2OFINT_ISR
003f00bc   _T2PINT_ISR
003f00c6   _T2UFINT_ISR
003f00f8   _T3CINT_ISR
003f0102   _T3OFINT_ISR
003f00f3   _T3PINT_ISR
003f00fd   _T3UFINT_ISR
003f010c   _T4CINT_ISR
003f0116   _T4OFINT_ISR
003f0107   _T4PINT_ISR
003f0111   _T4UFINT_ISR
003f008a   _TINT0_ISR
000090aa   _TestMbox1
000090a6   _TestMbox2
000090a8   _TestMbox3
000090a4   _TestMbox4
003f0049   _USER0_ISR
003f007b   _USER10_ISR
003f0080   _USER11_ISR
003f004e   _USER1_ISR
003f0053   _USER2_ISR
003f0058   _USER3_ISR
003f005d   _USER4_ISR
003f0062   _USER5_ISR
003f0067   _USER6_ISR
003f006c   _USER7_ISR
003f0071   _USER8_ISR
003f0076   _USER9_ISR
003f0349   _VersionNumber_Hardware_Get
003f008f   _WAKEINT_ISR
0000909e   _Write_tmp
003f002b   _XINT1_ISR
003f0030   _XINT2_ISR
00007070   _XIntruptRegs
00000b20   _XintfRegs
00000190   __STACK_SIZE
ffffffff   ___binit__
00009000   ___bss__
ffffffff   ___c_args__
003e8000   ___cinit__
00000000   ___data__
00000000   ___edata__
00009084   ___end__
003f0549   ___etext__
ffffffff   ___pinit__
003f0000   ___text__
003f0539   __args_main
00009004   __cleanup_ptr
00009002   __dtors_ptr
00009082   __lock
003f0532   __nop
003f0533   __register_lock
003f0536   __register_unlock
00009080   __unlock
003f0531   _abort
003f0516   _atexit
003f04b1   _c_int00
003f04f5   _exit
000090a0   _i
000090ac   _j
003f0442   _main
000090a2   _rambase1
003f016b   _rsvd_ISR
ffffffff   binit
003e8000   cinit
003f7ff6   code_start
00000000   edata
00009084   end
003f0549   etext
ffffffff   pinit


GLOBAL SYMBOLS: SORTED BY Symbol Address 

address    name
--------   ----
00000000   edata
00000000   ___data__
00000000   ___edata__
00000000   .data
00000190   __STACK_SIZE
00000880   _DevEmuRegs
00000a80   _FlashRegs
00000ae0   _CsmRegs
00000b20   _XintfRegs
00000c00   _CpuTimer0Regs
00000c08   _CpuTimer1Regs
00000c10   _CpuTimer2Regs
00000ce0   _PieCtrl
00000d00   _PieVectTable
00006000   _ECanaRegs
00006100   _ECanaMboxes
00007010   _SysCtrlRegs
00007040   _SpiaRegs
00007050   _SciaRegs
00007070   _XIntruptRegs
000070c0   _GpioMuxRegs
000070e0   _GpioDataRegs
00007100   _AdcRegs
00007400   _EvaRegs
00007500   _EvbRegs
00007750   _ScibRegs
00007800   _McbspaRegs
00008000   _InitFlash
00008000   _RamfuncsRunStart
00009000   .bss
00009000   ___bss__
00009002   __dtors_ptr
00009004   __cleanup_ptr
00009080   __unlock
00009082   __lock
00009084   _LowWord_301_Send
00009084   ___end__
00009084   end
00009085   _HighWord_301_Send
00009086   _LowWord_300_Send
00009087   _HighWord_302_Send
00009088   _LowWord_303_Send
00009089   _HighWord_300_Send
0000908a   _LowWord_272_Send
0000908b   _HighWord_272_Send
0000908c   _LowWord_271_Send
0000908d   _HighWord_273_Send
0000908e   _LowWord_302_Send
0000908f   _HighWord_271_Send
00009090   _LowWord_307_Send
00009091   _HighWord_307_Send
00009092   _LowWord_306_Send
00009093   _HighWord_310_Send
00009094   _Flag_Controller_Judge
00009095   _HighWord_306_Send
00009096   _LowWord_304_Send
00009097   _HighWord_304_Send
00009098   _LowWord_273_Send
00009099   _HighWord_305_Send
0000909a   _LowWord_310_Send
0000909b   _HighWord_303_Send
0000909c   _LowWord_305_Send
0000909d   _Read_tmp
0000909e   _Write_tmp
000090a0   _i
000090a2   _rambase1
000090a4   _TestMbox4
000090a6   _TestMbox2
000090a8   _TestMbox3
000090aa   _TestMbox1
000090ac   _j
003e8000   cinit
003e8000   ___cinit__
003ec000   _RamfuncsLoadStart
003ec01b   _RamfuncsLoadEnd
003f0000   ___text__
003f0000   .text
003f0007   _MemCopy
003f001c   _INT13_ISR
003f0021   _INT14_ISR
003f0026   _NMI_ISR
003f002b   _XINT1_ISR
003f0030   _XINT2_ISR
003f0035   _DATALOG_ISR
003f003a   _RTOSINT_ISR
003f003f   _EMUINT_ISR
003f0044   _ILLEGAL_ISR
003f0049   _USER0_ISR
003f004e   _USER1_ISR
003f0053   _USER2_ISR
003f0058   _USER3_ISR
003f005d   _USER4_ISR
003f0062   _USER5_ISR
003f0067   _USER6_ISR
003f006c   _USER7_ISR
003f0071   _USER8_ISR
003f0076   _USER9_ISR
003f007b   _USER10_ISR
003f0080   _USER11_ISR
003f0085   _ADCINT_ISR
003f008a   _TINT0_ISR
003f008f   _WAKEINT_ISR
003f0094   _PDPINTA_ISR
003f0099   _CMP1INT_ISR
003f009e   _CMP2INT_ISR
003f00a3   _CMP3INT_ISR
003f00a8   _T1PINT_ISR
003f00ad   _T1CINT_ISR
003f00b2   _T1UFINT_ISR
003f00b7   _T1OFINT_ISR
003f00bc   _T2PINT_ISR
003f00c1   _T2CINT_ISR
003f00c6   _T2UFINT_ISR
003f00cb   _T2OFINT_ISR
003f00d0   _CAPINT1_ISR
003f00d5   _CAPINT2_ISR
003f00da   _CAPINT3_ISR
003f00df   _PDPINTB_ISR
003f00e4   _CMP4INT_ISR
003f00e9   _CMP5INT_ISR
003f00ee   _CMP6INT_ISR
003f00f3   _T3PINT_ISR
003f00f8   _T3CINT_ISR
003f00fd   _T3UFINT_ISR
003f0102   _T3OFINT_ISR
003f0107   _T4PINT_ISR
003f010c   _T4CINT_ISR
003f0111   _T4UFINT_ISR
003f0116   _T4OFINT_ISR
003f011b   _CAPINT4_ISR
003f0120   _CAPINT5_ISR
003f0125   _CAPINT6_ISR
003f012a   _MRINTA_ISR
003f012f   _MXINTA_ISR
003f0134   _SPIRXINTA_ISR
003f0139   _SPITXINTA_ISR
003f013e   _SCIRXINTA_ISR
003f0143   _SCITXINTA_ISR
003f0148   _SCIRXINTB_ISR
003f014d   _SCITXINTB_ISR
003f0152   _ECAN0INTA_ISR
003f015c   _ECAN1INTA_ISR
003f0166   _PIE_RESERVED
003f016b   _rsvd_ISR
003f0170   _InitPieCtrl
003f0191   _InitPieVectTable
003f01b1   _InitSysCtrl
003f01e3   _InitGpio
003f0205   _InitXintf
003f0260   _InitECan
003f0304   _Data1_Save
003f0326   _Data1_Read
003f0349   _VersionNumber_Hardware_Get
003f03c2   _ECAN0_ISR
003f0442   _main
003f04b1   _c_int00
003f04f5   _exit
003f0514   C$$EXIT
003f0516   _atexit
003f0531   _abort
003f0532   __nop
003f0533   __register_lock
003f0536   __register_unlock
003f0539   __args_main
003f0549   ___etext__
003f0549   etext
003f4000   _PieVectTableInit
003f7ff6   code_start
003f7ff8   _CsmPwl
ffffffff   ___pinit__
ffffffff   pinit
ffffffff   ___c_args__
ffffffff   binit
ffffffff   ___binit__

[174 symbols]
