******************************************************************************
        TMS320C2000 COFF Linker PC v4.1.3                      
******************************************************************************
>> Linked Tue Sep 20 19:11:10 2011

OUTPUT FILE NAME:   <./Debug/XZ-62.out>
ENTRY POINT SYMBOL: "_c_int00"  address: 003f9564


MEMORY CONFIGURATION

                  name            origin    length      used    attr    fill
         ----------------------  --------  ---------  --------  ----  --------
PAGE  0: PRAML0                  00008000   00001000  00000103  RWIX
         PRAMH0                  003f8000   00002000  0000179d  RWIX

PAGE  1: RAMM0                   00000000   00000400  00000000  RWIX
         RAMM1                   00000400   00000400  00000190  RWIX
         DEV_EMU                 00000880   00000180  000000d6  RWIX
         FLASH_REGS              00000a80   00000060  00000008  RWIX
         CSM                     00000ae0   00000010  00000010  RWIX
         XINTF                   00000b20   00000020  00000020  RWIX
         CPU_TIMER0              00000c00   00000008  00000008  RWIX
         CPU_TIMER1              00000c08   00000008  00000008  RWIX
         CPU_TIMER2              00000c10   00000008  00000008  RWIX
         PIE_CTRL                00000ce0   00000020  0000001a  RWIX
         PIE_VECT                00000d00   00000100  00000100  RWIX
         ECAN_A                  00006000   00000100  00000034  RWIX
         ECAN_AMBOX              00006100   00000100  00000100  RWIX
         SYSTEM                  00007010   00000020  00000020  RWIX
         SPI_A                   00007040   00000010  00000010  RWIX
         SCI_A                   00007050   00000010  00000010  RWIX
         XINTRUPT                00007070   00000010  00000010  RWIX
         GPIOMUX                 000070c0   00000020  00000020  RWIX
         GPIODAT                 000070e0   00000020  00000020  RWIX
         ADC                     00007100   00000020  0000001a  RWIX
         EV_A                    00007400   00000040  00000032  RWIX
         EV_B                    00007500   00000040  00000032  RWIX
         SPI_B                   00007740   00000010  00000000  RWIX
         SCI_B                   00007750   00000010  00000010  RWIX
         MCBSP_A                 00007800   00000040  00000025  RWIX
         DRAML1                  00009000   00001000  00000234  RWIX
         CSM_PWL                 003f7ff8   00000008  00000008  RWIX


SECTION ALLOCATION MAP

 output                                  attributes/
section   page    origin      length       input sections
--------  ----  ----------  ----------   ----------------
.cinit     0    00008000    00000101     
                  00008000    000000ed     XZ-62.obj (.cinit)
                  000080ed    0000000b     rts2800.lib : exit.obj (.cinit)
                  000080f8    00000008                 : _lock.obj (.cinit)
                  00008100    00000001     --HOLE-- [fill = 0]

.reset     0    00008102    00000002     
                  00008102    00000002     rts2800.lib : boot.obj (.reset)

.text      0    003f8000    0000179d     
                  003f8000    00000154     DSP28_DefaultIsr.obj (.text)
                  003f8154    00000021     DSP28_PieCtrl.obj (.text)
                  003f8175    00000020     DSP28_PieVect.obj (.text)
                  003f8195    000013cf     XZ-62.obj (.text)
                  003f9564    00000044     rts2800.lib : boot.obj (.text)
                  003f95a8    0000003d                 : exit.obj (.text)
                  003f95e5    00000078                 : fs_add.obj (.text)
                  003f965d    00000017                 : fs_cmp.obj (.text)
                  003f9674    00000083                 : fs_div.obj (.text)
                  003f96f7    0000005a                 : fs_mpy.obj (.text)
                  003f9751    00000025                 : fs_toi.obj (.text)
                  003f9776    00000010                 : u_tofs.obj (.text)
                  003f9786    00000007                 : _lock.obj (.text)
                  003f978d    00000010                 : args_main.obj (.text)

.data      1    00000000    00000000     UNINITIALIZED

.stack     1    00000400    00000190     UNINITIALIZED

DevEmuRegsFile 
*          1    00000880    000000d6     UNINITIALIZED
                  00000880    000000d6     DSP28_GlobalVariableDefs.obj (DevEmuRegsFile)

FlashRegsFile 
*          1    00000a80    00000008     UNINITIALIZED
                  00000a80    00000008     DSP28_GlobalVariableDefs.obj (FlashRegsFile)

CsmRegsFile 
*          1    00000ae0    00000010     UNINITIALIZED
                  00000ae0    00000010     DSP28_GlobalVariableDefs.obj (CsmRegsFile)

XintfRegsFile 
*          1    00000b20    00000020     UNINITIALIZED
                  00000b20    00000020     DSP28_GlobalVariableDefs.obj (XintfRegsFile)

CpuTimer0RegsFile 
*          1    00000c00    00000008     UNINITIALIZED
                  00000c00    00000008     DSP28_GlobalVariableDefs.obj (CpuTimer0RegsFile)

CpuTimer1RegsFile 
*          1    00000c08    00000008     UNINITIALIZED
                  00000c08    00000008     DSP28_GlobalVariableDefs.obj (CpuTimer1RegsFile)

CpuTimer2RegsFile 
*          1    00000c10    00000008     UNINITIALIZED
                  00000c10    00000008     DSP28_GlobalVariableDefs.obj (CpuTimer2RegsFile)

PieCtrlRegsFile 
*          1    00000ce0    0000001a     UNINITIALIZED
                  00000ce0    0000001a     DSP28_GlobalVariableDefs.obj (PieCtrlRegsFile)

PieVectTable 
*          1    00000d00    00000100     UNINITIALIZED
                  00000d00    00000100     DSP28_GlobalVariableDefs.obj (PieVectTable)

ECanaRegsFile 
*          1    00006000    00000034     UNINITIALIZED
                  00006000    00000034     DSP28_GlobalVariableDefs.obj (ECanaRegsFile)

ECanaMboxesFile 
*          1    00006100    00000100     UNINITIALIZED
                  00006100    00000100     DSP28_GlobalVariableDefs.obj (ECanaMboxesFile)

SysCtrlRegsFile 
*          1    00007010    00000020     UNINITIALIZED
                  00007010    00000020     DSP28_GlobalVariableDefs.obj (SysCtrlRegsFile)

SpiaRegsFile 
*          1    00007040    00000010     UNINITIALIZED
                  00007040    00000010     DSP28_GlobalVariableDefs.obj (SpiaRegsFile)

SciaRegsFile 
*          1    00007050    00000010     UNINITIALIZED
                  00007050    00000010     DSP28_GlobalVariableDefs.obj (SciaRegsFile)

XIntruptRegsFile 
*          1    00007070    00000010     UNINITIALIZED
                  00007070    00000010     DSP28_GlobalVariableDefs.obj (XIntruptRegsFile)

GpioMuxRegsFile 
*          1    000070c0    00000020     UNINITIALIZED
                  000070c0    00000020     DSP28_GlobalVariableDefs.obj (GpioMuxRegsFile)

GpioDataRegsFile 
*          1    000070e0    00000020     UNINITIALIZED
                  000070e0    00000020     DSP28_GlobalVariableDefs.obj (GpioDataRegsFile)

AdcRegsFile 
*          1    00007100    0000001a     UNINITIALIZED
                  00007100    0000001a     DSP28_GlobalVariableDefs.obj (AdcRegsFile)

EvaRegsFile 
*          1    00007400    00000032     UNINITIALIZED
                  00007400    00000032     DSP28_GlobalVariableDefs.obj (EvaRegsFile)

EvbRegsFile 
*          1    00007500    00000032     UNINITIALIZED
                  00007500    00000032     DSP28_GlobalVariableDefs.obj (EvbRegsFile)

ScibRegsFile 
*          1    00007750    00000010     UNINITIALIZED
                  00007750    00000010     DSP28_GlobalVariableDefs.obj (ScibRegsFile)

McbspaRegsFile 
*          1    00007800    00000025     UNINITIALIZED
                  00007800    00000025     DSP28_GlobalVariableDefs.obj (McbspaRegsFile)

.const     1    00009000    00000000     UNINITIALIZED

.sysmem    1    00009000    00000000     UNINITIALIZED

.econst    1    00009000    00000100     
                  00009000    00000100     DSP28_PieVect.obj (.econst)

.ebss      1    00009100    000000b0     UNINITIALIZED
                  00009100    000000b0     XZ-62.obj (.ebss)

.bss       1    000091c0    00000084     UNINITIALIZED
                  000091c0    00000080     rts2800.lib : exit.obj (.bss)
                  00009240    00000004                 : _lock.obj (.bss)

CsmPwlFile 
*          1    003f7ff8    00000008     UNINITIALIZED
                  003f7ff8    00000008     DSP28_GlobalVariableDefs.obj (CsmPwlFile)


GLOBAL SYMBOLS: SORTED ALPHABETICALLY BY Name 

address    name
--------   ----
000091c0   .bss
00000000   .data
003f8000   .text
003f95c7   C$$EXIT
003f95ea   FS$$ADD
003f965d   FS$$CMP
003f9674   FS$$DIV
003f96f7   FS$$MPY
003f95e5   FS$$SUB
003f9751   FS$$TOI
003f9776   U$$TOFS
003f8069   _ADCINT_ISR
003f84fa   _ADC_adjust
003f8a13   _ADC_sample
00007100   _AdcRegs
003f80b4   _CAPINT1_ISR
003f80b9   _CAPINT2_ISR
003f80be   _CAPINT3_ISR
003f80ff   _CAPINT4_ISR
003f8104   _CAPINT5_ISR
003f8109   _CAPINT6_ISR
003f807d   _CMP1INT_ISR
003f8082   _CMP2INT_ISR
003f8087   _CMP3INT_ISR
003f80c8   _CMP4INT_ISR
003f80cd   _CMP5INT_ISR
003f80d2   _CMP6INT_ISR
00009138   _CSH
00000c00   _CpuTimer0Regs
00000c08   _CpuTimer1Regs
00000c10   _CpuTimer2Regs
003f7ff8   _CsmPwl
00000ae0   _CsmRegs
003f8019   _DATALOG_ISR
003f8536   _DMJC
003f87dc   _DMWH_BIT
00000880   _DevEmuRegs
003f8136   _ECAN0INTA_ISR
003f8eef   _ECAN0_ISR
003f8140   _ECAN1INTA_ISR
00006100   _ECanaMboxes
00006000   _ECanaRegs
003f8023   _EMUINT_ISR
00007400   _EvaRegs
00009130   _EvaTimer1InterruptCount
0000912b   _EvaTimer2InterruptCount
00007500   _EvbRegs
00009110   _FSDZJ1
00009139   _FSDZJ_271
0000913f   _FSDZJ_272
0000913d   _FSDZJ_273
00009153   _FSDZJ_300
00009150   _FSDZJ_301
00009152   _FSDZJ_302
00009147   _FSDZJ_303
00009145   _FSDZJ_304
0000914e   _FSDZJ_305
0000914d   _FSDZJ_306
00009113   _FSDZJ_307
00009119   _FSGZJ1
0000913e   _FSGZJ_271
0000913c   _FSGZJ_272
00009154   _FSGZJ_273
00009151   _FSGZJ_300
0000914f   _FSGZJ_301
00009149   _FSGZJ_302
00009148   _FSGZJ_303
00009146   _FSGZJ_304
0000914c   _FSGZJ_305
0000914a   _FSGZJ_306
00009112   _FSGZJ_307
00000a80   _FlashRegs
000070e0   _GpioDataRegs
000070c0   _GpioMuxRegs
003f8028   _ILLEGAL_ISR
003f8000   _INT13_ISR
003f8005   _INT14_ISR
003f822f   _InitAdc
003f82fa   _InitECan
003f81c7   _InitGpio
003f820a   _InitPDPINTB
003f8154   _InitPieCtrl
003f8175   _InitPieVectTable
003f8195   _InitSysCtrl
003f81f8   _InitXINT1
003f81ef   _InitXINT13
003f8201   _InitXINT2
003f829d   _InitXintf
0000912f   _JSDZJ
0000911b   _JSGZJ
003f8396   _MBOX0Send
003f8451   _MBOX1Send
003f810e   _MRINTA_ISR
003f8113   _MXINTA_ISR
00007800   _McbspaRegs
003f800a   _NMI_ISR
003f8078   _PDPINTA_ISR
003f80c3   _PDPINTB_ISR
003f9101   _PDPINTB_isr
003f814a   _PIE_RESERVED
00000ce0   _PieCtrl
00000d00   _PieVectTable
00009000   _PieVectTableInit
003f84e3   _QCdata
003f8c3b   _QXJC
003f801e   _RTOSINT_ISR
003f8122   _SCIRXINTA_ISR
003f812c   _SCIRXINTB_ISR
003f8127   _SCITXINTA_ISR
003f8131   _SCITXINTB_ISR
003f8118   _SPIRXINTA_ISR
003f811d   _SPITXINTA_ISR
00007050   _SciaRegs
00007750   _ScibRegs
00007040   _SpiaRegs
00007010   _SysCtrlRegs
003f8091   _T1CINT_ISR
003f809b   _T1OFINT_ISR
003f808c   _T1PINT_ISR
003f8096   _T1UFINT_ISR
003f80a5   _T2CINT_ISR
003f80af   _T2OFINT_ISR
003f80a0   _T2PINT_ISR
003f80aa   _T2UFINT_ISR
003f80dc   _T3CINT_ISR
003f80e6   _T3OFINT_ISR
003f80d7   _T3PINT_ISR
003f80e1   _T3UFINT_ISR
003f80f0   _T4CINT_ISR
003f80fa   _T4OFINT_ISR
003f80eb   _T4PINT_ISR
003f80f5   _T4UFINT_ISR
003f806e   _TINT0_ISR
00009158   _TestMbox1
0000915c   _TestMbox2
0000915e   _TestMbox3
00009156   _TestMbox4
003f802d   _USER0_ISR
003f805f   _USER10_ISR
003f8064   _USER11_ISR
003f8032   _USER1_ISR
003f8037   _USER2_ISR
003f803c   _USER3_ISR
003f8041   _USER4_ISR
003f8046   _USER5_ISR
003f804b   _USER6_ISR
003f8050   _USER7_ISR
003f8055   _USER8_ISR
003f805a   _USER9_ISR
003f8073   _WAKEINT_ISR
003f800f   _XINT1_ISR
003f8faf   _XINT1_isr
003f8014   _XINT2_ISR
003f90e2   _XINT2_isr
00007070   _XIntruptRegs
00000b20   _XintfRegs
003f8aa2   _YDLJC
003f8b9f   _YKLJC
003f8a41   _ZDLJC
003f8b03   _ZKLJC
00000190   __STACK_SIZE
ffffffff   ___binit__
000091c0   ___bss__
ffffffff   ___c_args__
00008000   ___cinit__
00000000   ___data__
00000000   ___edata__
00009244   ___end__
003f979d   ___etext__
ffffffff   ___pinit__
003f8000   ___text__
003f978d   __args_main
000091c4   __cleanup_ptr
000091c2   __dtors_ptr
00009242   __lock
003f9786   __nop
003f9787   __register_lock
003f978a   __register_unlock
00009240   __unlock
00009180   _a
00009143   _a1
00009140   _a2
00009141   _a3
003f85f8   _abc1_DLJC
003f866b   _abc2_DLJC
003f86de   _abc3_DLJC
003f8751   _abc4_DLJC
003f95e4   _abort
003f8e4e   _ad_isr
003f8807   _arinc429fasong
003f95c9   _atexit
0000911a   _banbenhao1
00009114   _banbenhao2
0000910f   _banbenhao3
0000910e   _banbenhao4
00009111   _banbenhao5
003f9564   _c_int00
0000912e   _can1
00009136   _can2
00009142   _channel
00009118   _count1
0000910b   _count10
00009105   _count2
00009104   _count3
0000910c   _count4
00009106   _count5
00009101   _count6
00009100   _count7
00009103   _count8
00009102   _count9
00009107   _error1
00009109   _error2
003f8c84   _eva_timer1_isr
003f8e35   _eva_timer2_isr
003f95a8   _exit
0000912a   _flag1
00009120   _flag10
00009128   _flag11
00009122   _flag12
0000911d   _flag13
0000911c   _flag14
0000911f   _flag15
0000911e   _flag16
00009127   _flag17
00009133   _flag18
00009129   _flag19
0000912d   _flag2
00009124   _flag20
00009123   _flag21
00009126   _flag22
00009125   _flag23
0000912c   _flag3
00009135   _flag4
0000914b   _flag5
00009137   _flag6
00009132   _flag6a
00009131   _flag7
00009134   _flag8
00009121   _flag9
0000916e   _gain
00009162   _gz
0000915a   _i
003f8215   _init_eva_timer1
003f8222   _init_eva_timer2
00009115   _j
003f88d6   _jiare
0000916c   _jrwd
00009190   _k
00009108   _lz
00009116   _m
003f9145   _main
00009144   _n
003f913f   _nothing
0000916a   _offest
003f87c4   _poweron_BIT
00009170   _qxdl
00009172   _rambase1
00009168   _rambase2
00009164   _rambase3
00009166   _rambase6
003f84b9   _readDA1
003f84c7   _readDA2
003f84d5   _readDA3
003f8587   _redao_DLJC
003f814f   _rsvd_ISR
003f8492   _saveDA1
003f849f   _saveDA2
003f84ac   _saveDA3
00009174   _sd
00009117   _t1
0000910d   _t2
0000913a   _tmp
0000913b   _tmp1
00009160   _wd
0000910a   _wd1
ffffffff   binit
00008000   cinit
00000000   edata
00009244   end
003f979d   etext
ffffffff   pinit


GLOBAL SYMBOLS: SORTED BY Symbol Address 

address    name
--------   ----
00000000   edata
00000000   ___data__
00000000   ___edata__
00000000   .data
00000190   __STACK_SIZE
00000880   _DevEmuRegs
00000a80   _FlashRegs
00000ae0   _CsmRegs
00000b20   _XintfRegs
00000c00   _CpuTimer0Regs
00000c08   _CpuTimer1Regs
00000c10   _CpuTimer2Regs
00000ce0   _PieCtrl
00000d00   _PieVectTable
00006000   _ECanaRegs
00006100   _ECanaMboxes
00007010   _SysCtrlRegs
00007040   _SpiaRegs
00007050   _SciaRegs
00007070   _XIntruptRegs
000070c0   _GpioMuxRegs
000070e0   _GpioDataRegs
00007100   _AdcRegs
00007400   _EvaRegs
00007500   _EvbRegs
00007750   _ScibRegs
00007800   _McbspaRegs
00008000   cinit
00008000   ___cinit__
00009000   _PieVectTableInit
00009100   _count7
00009101   _count6
00009102   _count9
00009103   _count8
00009104   _count3
00009105   _count2
00009106   _count5
00009107   _error1
00009108   _lz
00009109   _error2
0000910a   _wd1
0000910b   _count10
0000910c   _count4
0000910d   _t2
0000910e   _banbenhao4
0000910f   _banbenhao3
00009110   _FSDZJ1
00009111   _banbenhao5
00009112   _FSGZJ_307
00009113   _FSDZJ_307
00009114   _banbenhao2
00009115   _j
00009116   _m
00009117   _t1
00009118   _count1
00009119   _FSGZJ1
0000911a   _banbenhao1
0000911b   _JSGZJ
0000911c   _flag14
0000911d   _flag13
0000911e   _flag16
0000911f   _flag15
00009120   _flag10
00009121   _flag9
00009122   _flag12
00009123   _flag21
00009124   _flag20
00009125   _flag23
00009126   _flag22
00009127   _flag17
00009128   _flag11
00009129   _flag19
0000912a   _flag1
0000912b   _EvaTimer2InterruptCount
0000912c   _flag3
0000912d   _flag2
0000912e   _can1
0000912f   _JSDZJ
00009130   _EvaTimer1InterruptCount
00009131   _flag7
00009132   _flag6a
00009133   _flag18
00009134   _flag8
00009135   _flag4
00009136   _can2
00009137   _flag6
00009138   _CSH
00009139   _FSDZJ_271
0000913a   _tmp
0000913b   _tmp1
0000913c   _FSGZJ_272
0000913d   _FSDZJ_273
0000913e   _FSGZJ_271
0000913f   _FSDZJ_272
00009140   _a2
00009141   _a3
00009142   _channel
00009143   _a1
00009144   _n
00009145   _FSDZJ_304
00009146   _FSGZJ_304
00009147   _FSDZJ_303
00009148   _FSGZJ_303
00009149   _FSGZJ_302
0000914a   _FSGZJ_306
0000914b   _flag5
0000914c   _FSGZJ_305
0000914d   _FSDZJ_306
0000914e   _FSDZJ_305
0000914f   _FSGZJ_301
00009150   _FSDZJ_301
00009151   _FSGZJ_300
00009152   _FSDZJ_302
00009153   _FSDZJ_300
00009154   _FSGZJ_273
00009156   _TestMbox4
00009158   _TestMbox1
0000915a   _i
0000915c   _TestMbox2
0000915e   _TestMbox3
00009160   _wd
00009162   _gz
00009164   _rambase3
00009166   _rambase6
00009168   _rambase2
0000916a   _offest
0000916c   _jrwd
0000916e   _gain
00009170   _qxdl
00009172   _rambase1
00009174   _sd
00009180   _a
00009190   _k
000091c0   ___bss__
000091c0   .bss
000091c2   __dtors_ptr
000091c4   __cleanup_ptr
00009240   __unlock
00009242   __lock
00009244   ___end__
00009244   end
003f7ff8   _CsmPwl
003f8000   ___text__
003f8000   .text
003f8000   _INT13_ISR
003f8005   _INT14_ISR
003f800a   _NMI_ISR
003f800f   _XINT1_ISR
003f8014   _XINT2_ISR
003f8019   _DATALOG_ISR
003f801e   _RTOSINT_ISR
003f8023   _EMUINT_ISR
003f8028   _ILLEGAL_ISR
003f802d   _USER0_ISR
003f8032   _USER1_ISR
003f8037   _USER2_ISR
003f803c   _USER3_ISR
003f8041   _USER4_ISR
003f8046   _USER5_ISR
003f804b   _USER6_ISR
003f8050   _USER7_ISR
003f8055   _USER8_ISR
003f805a   _USER9_ISR
003f805f   _USER10_ISR
003f8064   _USER11_ISR
003f8069   _ADCINT_ISR
003f806e   _TINT0_ISR
003f8073   _WAKEINT_ISR
003f8078   _PDPINTA_ISR
003f807d   _CMP1INT_ISR
003f8082   _CMP2INT_ISR
003f8087   _CMP3INT_ISR
003f808c   _T1PINT_ISR
003f8091   _T1CINT_ISR
003f8096   _T1UFINT_ISR
003f809b   _T1OFINT_ISR
003f80a0   _T2PINT_ISR
003f80a5   _T2CINT_ISR
003f80aa   _T2UFINT_ISR
003f80af   _T2OFINT_ISR
003f80b4   _CAPINT1_ISR
003f80b9   _CAPINT2_ISR
003f80be   _CAPINT3_ISR
003f80c3   _PDPINTB_ISR
003f80c8   _CMP4INT_ISR
003f80cd   _CMP5INT_ISR
003f80d2   _CMP6INT_ISR
003f80d7   _T3PINT_ISR
003f80dc   _T3CINT_ISR
003f80e1   _T3UFINT_ISR
003f80e6   _T3OFINT_ISR
003f80eb   _T4PINT_ISR
003f80f0   _T4CINT_ISR
003f80f5   _T4UFINT_ISR
003f80fa   _T4OFINT_ISR
003f80ff   _CAPINT4_ISR
003f8104   _CAPINT5_ISR
003f8109   _CAPINT6_ISR
003f810e   _MRINTA_ISR
003f8113   _MXINTA_ISR
003f8118   _SPIRXINTA_ISR
003f811d   _SPITXINTA_ISR
003f8122   _SCIRXINTA_ISR
003f8127   _SCITXINTA_ISR
003f812c   _SCIRXINTB_ISR
003f8131   _SCITXINTB_ISR
003f8136   _ECAN0INTA_ISR
003f8140   _ECAN1INTA_ISR
003f814a   _PIE_RESERVED
003f814f   _rsvd_ISR
003f8154   _InitPieCtrl
003f8175   _InitPieVectTable
003f8195   _InitSysCtrl
003f81c7   _InitGpio
003f81ef   _InitXINT13
003f81f8   _InitXINT1
003f8201   _InitXINT2
003f820a   _InitPDPINTB
003f8215   _init_eva_timer1
003f8222   _init_eva_timer2
003f822f   _InitAdc
003f829d   _InitXintf
003f82fa   _InitECan
003f8396   _MBOX0Send
003f8451   _MBOX1Send
003f8492   _saveDA1
003f849f   _saveDA2
003f84ac   _saveDA3
003f84b9   _readDA1
003f84c7   _readDA2
003f84d5   _readDA3
003f84e3   _QCdata
003f84fa   _ADC_adjust
003f8536   _DMJC
003f8587   _redao_DLJC
003f85f8   _abc1_DLJC
003f866b   _abc2_DLJC
003f86de   _abc3_DLJC
003f8751   _abc4_DLJC
003f87c4   _poweron_BIT
003f87dc   _DMWH_BIT
003f8807   _arinc429fasong
003f88d6   _jiare
003f8a13   _ADC_sample
003f8a41   _ZDLJC
003f8aa2   _YDLJC
003f8b03   _ZKLJC
003f8b9f   _YKLJC
003f8c3b   _QXJC
003f8c84   _eva_timer1_isr
003f8e35   _eva_timer2_isr
003f8e4e   _ad_isr
003f8eef   _ECAN0_ISR
003f8faf   _XINT1_isr
003f90e2   _XINT2_isr
003f9101   _PDPINTB_isr
003f913f   _nothing
003f9145   _main
003f9564   _c_int00
003f95a8   _exit
003f95c7   C$$EXIT
003f95c9   _atexit
003f95e4   _abort
003f95e5   FS$$SUB
003f95ea   FS$$ADD
003f965d   FS$$CMP
003f9674   FS$$DIV
003f96f7   FS$$MPY
003f9751   FS$$TOI
003f9776   U$$TOFS
003f9786   __nop
003f9787   __register_lock
003f978a   __register_unlock
003f978d   __args_main
003f979d   etext
003f979d   ___etext__
ffffffff   pinit
ffffffff   ___c_args__
ffffffff   ___binit__
ffffffff   binit
ffffffff   ___pinit__

[281 symbols]
