******************************************************************************
        TMS320C2000 COFF Linker PC v4.1.3                      
******************************************************************************
>> Linked Fri Nov 02 17:21:14 2012

OUTPUT FILE NAME:   <./Debug/dida.out>
ENTRY POINT SYMBOL: "_c_int00"  address: 003f026f


MEMORY CONFIGURATION

                  name            origin    length      used    attr    fill
         ----------------------  --------  ---------  --------  ----  --------
PAGE  0: RAML0                   00008000   00001000  0000001b  RWIX
         RAML1                   00009000   00001000  00000000  RWIX
         OTP                     003d7800   00000800  00000000  RWIX
         FLASH_J                 003d8000   00002000  00000000  RWIX
         FLASH_I                 003da000   00002000  00000000  RWIX
         FLASH_H                 003dc000   00004000  00000000  RWIX
         FLASH_G                 003e0000   00004000  00000000  RWIX
         FLASH_F                 003e4000   00004000  00000000  RWIX
         FLASH_E                 003e8000   00004000  00000000  RWIX
         FLASH_D                 003ec000   00004000  00000000  RWIX
         FLASH_C                 003f0000   00004000  00000348  RWIX
         FLASH_A                 003f7000   00000f80  00000000  RWIX
         CSM_RSVD                003f7f80   00000076  00000076  RWIX
         BEGIN                   003f7ff6   00000002  00000002  RWIX
         PASSWORDS               003f7ff8   00000008  00000008  RWIX
         ROM                     003ff000   00000fc0  00000000  RWIX
         RESET                   003fffc0   00000002  00000000  RWIX
         VECTORS                 003fffc2   0000003e  00000000  RWIX

PAGE  1: RAMM01                  00000000   00000800  00000190  RWIX
         DEV_EMU                 00000880   00000180  000000d6  RWIX
         FLASH_REGS              00000a80   00000060  00000008  RWIX
         CSM                     00000ae0   00000010  00000010  RWIX
         XINTF                   00000b20   00000020  00000020  RWIX
         CPU_TIMER0              00000c00   00000008  00000008  RWIX
         CPU_TIMER1              00000c08   00000008  00000008  RWIX
         CPU_TIMER2              00000c10   00000008  00000008  RWIX
         PIE_CTRL                00000ce0   00000020  0000001a  RWIX
         PIE_VECT                00000d00   00000100  00000100  RWIX
         ECAN_A                  00006000   00000100  00000034  RWIX
         ECAN_AMBOX              00006100   00000100  00000100  RWIX
         SYSTEM                  00007010   00000020  00000020  RWIX
         SPI_A                   00007040   00000010  00000010  RWIX
         SCI_A                   00007050   00000010  00000010  RWIX
         XINTRUPT                00007070   00000010  00000010  RWIX
         GPIOMUX                 000070c0   00000020  00000020  RWIX
         GPIODAT                 000070e0   00000020  00000020  RWIX
         ADC                     00007100   00000020  0000001a  RWIX
         EV_A                    00007400   00000040  00000032  RWIX
         EV_B                    00007500   00000040  00000032  RWIX
         SCI_B                   00007750   00000010  00000010  RWIX
         MCBSP_A                 00007800   00000040  00000025  RWIX
         RAML1                   00009000   00001000  0000008a  RWIX
         FLASH_B                 003f4000   00003000  00000100  RWIX
         CSM_PWL                 003f7ff8   00000008  00000008  RWIX
         RAMH0                   003f8000   00002000  00000000  RWIX


SECTION ALLOCATION MAP

 output                                  attributes/
section   page    origin      length       input sections
--------  ----  ----------  ----------   ----------------
.pinit     0    003f0000    00000000     UNINITIALIZED

.text      0    003f0000    00000307     
                  003f0000    00000007     CodeStartBranch.obj (.text)
                  003f0007    000000d3     dida.obj (.text)
                  003f00da    00000154     DSP28_DefaultIsr.obj (.text)
                  003f022e    00000021     DSP28_PieCtrl.obj (.text)
                  003f024f    00000020     DSP28_PieVect.obj (.text)
                  003f026f    00000044     rts2800.lib : boot.obj (.text)
                  003f02b3    0000003d                 : exit.obj (.text)
                  003f02f0    00000007                 : _lock.obj (.text)
                  003f02f7    00000010                 : args_main.obj (.text)

.cinit     0    003f0307    00000026     
                  003f0307    00000012     dida.obj (.cinit)
                  003f0319    0000000b     rts2800.lib : exit.obj (.cinit)
                  003f0324    00000008                 : _lock.obj (.cinit)
                  003f032c    00000001     --HOLE-- [fill = 0]

secureRamFuncs 
*          0    003f032d    0000001b     RUN ADDR = 00008000
                  003f032d    0000001b     dida.obj (secureRamFuncs)

csm_rsvd   0    003f7f80    00000076     
                  003f7f80    00000076     Passwords.obj (csm_rsvd)

codestart 
*          0    003f7ff6    00000002     
                  003f7ff6    00000002     CodeStartBranch.obj (codestart)

passwords 
*          0    003f7ff8    00000008     
                  003f7ff8    00000008     Passwords.obj (passwords)

.reset     0    003fffc0    00000002     DSECT
                  003fffc0    00000002     rts2800.lib : boot.obj (.reset)

vectors    0    003fffc2    00000000     DSECT

ramdata    1    00000000    00000000     UNINITIALIZED

.data      1    00000000    00000000     UNINITIALIZED

.stack     1    00000000    00000190     UNINITIALIZED

DevEmuRegsFile 
*          1    00000880    000000d6     UNINITIALIZED
                  00000880    000000d6     DSP28_GlobalVariableDefs.obj (DevEmuRegsFile)

FlashRegsFile 
*          1    00000a80    00000008     UNINITIALIZED
                  00000a80    00000008     DSP28_GlobalVariableDefs.obj (FlashRegsFile)

CsmRegsFile 
*          1    00000ae0    00000010     UNINITIALIZED
                  00000ae0    00000010     DSP28_GlobalVariableDefs.obj (CsmRegsFile)

XintfRegsFile 
*          1    00000b20    00000020     UNINITIALIZED
                  00000b20    00000020     DSP28_GlobalVariableDefs.obj (XintfRegsFile)

CpuTimer0RegsFile 
*          1    00000c00    00000008     UNINITIALIZED
                  00000c00    00000008     DSP28_GlobalVariableDefs.obj (CpuTimer0RegsFile)

CpuTimer1RegsFile 
*          1    00000c08    00000008     UNINITIALIZED
                  00000c08    00000008     DSP28_GlobalVariableDefs.obj (CpuTimer1RegsFile)

CpuTimer2RegsFile 
*          1    00000c10    00000008     UNINITIALIZED
                  00000c10    00000008     DSP28_GlobalVariableDefs.obj (CpuTimer2RegsFile)

PieCtrlRegsFile 
*          1    00000ce0    0000001a     UNINITIALIZED
                  00000ce0    0000001a     DSP28_GlobalVariableDefs.obj (PieCtrlRegsFile)

PieVectTable 
*          1    00000d00    00000100     UNINITIALIZED
                  00000d00    00000100     DSP28_GlobalVariableDefs.obj (PieVectTable)

ECanaRegsFile 
*          1    00006000    00000034     UNINITIALIZED
                  00006000    00000034     DSP28_GlobalVariableDefs.obj (ECanaRegsFile)

ECanaMboxesFile 
*          1    00006100    00000100     UNINITIALIZED
                  00006100    00000100     DSP28_GlobalVariableDefs.obj (ECanaMboxesFile)

SysCtrlRegsFile 
*          1    00007010    00000020     UNINITIALIZED
                  00007010    00000020     DSP28_GlobalVariableDefs.obj (SysCtrlRegsFile)

SpiaRegsFile 
*          1    00007040    00000010     UNINITIALIZED
                  00007040    00000010     DSP28_GlobalVariableDefs.obj (SpiaRegsFile)

SciaRegsFile 
*          1    00007050    00000010     UNINITIALIZED
                  00007050    00000010     DSP28_GlobalVariableDefs.obj (SciaRegsFile)

XIntruptRegsFile 
*          1    00007070    00000010     UNINITIALIZED
                  00007070    00000010     DSP28_GlobalVariableDefs.obj (XIntruptRegsFile)

GpioMuxRegsFile 
*          1    000070c0    00000020     UNINITIALIZED
                  000070c0    00000020     DSP28_GlobalVariableDefs.obj (GpioMuxRegsFile)

GpioDataRegsFile 
*          1    000070e0    00000020     UNINITIALIZED
                  000070e0    00000020     DSP28_GlobalVariableDefs.obj (GpioDataRegsFile)

AdcRegsFile 
*          1    00007100    0000001a     UNINITIALIZED
                  00007100    0000001a     DSP28_GlobalVariableDefs.obj (AdcRegsFile)

EvaRegsFile 
*          1    00007400    00000032     UNINITIALIZED
                  00007400    00000032     DSP28_GlobalVariableDefs.obj (EvaRegsFile)

EvbRegsFile 
*          1    00007500    00000032     UNINITIALIZED
                  00007500    00000032     DSP28_GlobalVariableDefs.obj (EvbRegsFile)

ScibRegsFile 
*          1    00007750    00000010     UNINITIALIZED
                  00007750    00000010     DSP28_GlobalVariableDefs.obj (ScibRegsFile)

McbspaRegsFile 
*          1    00007800    00000025     UNINITIALIZED
                  00007800    00000025     DSP28_GlobalVariableDefs.obj (McbspaRegsFile)

.bss       1    00009000    00000084     UNINITIALIZED
                  00009000    00000080     rts2800.lib : exit.obj (.bss)
                  00009080    00000004                 : _lock.obj (.bss)

.ebss      1    00009084    00000006     UNINITIALIZED
                  00009084    00000006     dida.obj (.ebss)

.const     1    003f4000    00000000     UNINITIALIZED

.switch    1    003f4000    00000000     UNINITIALIZED

.econst    1    003f4000    00000100     
                  003f4000    00000100     DSP28_PieVect.obj (.econst)

CsmPwlFile 
*          1    003f7ff8    00000008     UNINITIALIZED
                  003f7ff8    00000008     DSP28_GlobalVariableDefs.obj (CsmPwlFile)

.sysmem    1    003f8000    00000000     UNINITIALIZED

.esysmem   1    003f8000    00000000     UNINITIALIZED


GLOBAL SYMBOLS: SORTED ALPHABETICALLY BY Name 

address    name
--------   ----
00009000   .bss
00000000   .data
003f0000   .text
003f02d2   C$$EXIT
003f0143   _ADCINT_ISR
00007100   _AdcRegs
003f018e   _CAPINT1_ISR
003f0193   _CAPINT2_ISR
003f0198   _CAPINT3_ISR
003f01d9   _CAPINT4_ISR
003f01de   _CAPINT5_ISR
003f01e3   _CAPINT6_ISR
003f0157   _CMP1INT_ISR
003f015c   _CMP2INT_ISR
003f0161   _CMP3INT_ISR
003f01a2   _CMP4INT_ISR
003f01a7   _CMP5INT_ISR
003f01ac   _CMP6INT_ISR
00000c00   _CpuTimer0Regs
00000c08   _CpuTimer1Regs
00000c10   _CpuTimer2Regs
003f7ff8   _CsmPwl
00000ae0   _CsmRegs
003f00f3   _DATALOG_ISR
00000880   _DevEmuRegs
003f0210   _ECAN0INTA_ISR
003f021a   _ECAN1INTA_ISR
00006100   _ECanaMboxes
00006000   _ECanaRegs
003f00fd   _EMUINT_ISR
00007400   _EvaRegs
00007500   _EvbRegs
00000a80   _FlashRegs
000070e0   _GpioDataRegs
000070c0   _GpioMuxRegs
003f0102   _ILLEGAL_ISR
003f00da   _INT13_ISR
003f00df   _INT14_ISR
00008000   _InitFlash
003f0037   _InitGpio
003f022e   _InitPieCtrl
003f024f   _InitPieVectTable
003f0007   _InitSysCtrl
003f0050   _InitXintf
003f01e8   _MRINTA_ISR
003f01ed   _MXINTA_ISR
00007800   _McbspaRegs
003f00e4   _NMI_ISR
003f0152   _PDPINTA_ISR
003f019d   _PDPINTB_ISR
003f0224   _PIE_RESERVED
00000ce0   _PieCtrl
00000d00   _PieVectTable
003f4000   _PieVectTableInit
003f00f8   _RTOSINT_ISR
003f01fc   _SCIRXINTA_ISR
003f0206   _SCIRXINTB_ISR
003f0201   _SCITXINTA_ISR
003f020b   _SCITXINTB_ISR
003f01f2   _SPIRXINTA_ISR
003f01f7   _SPITXINTA_ISR
00007050   _SciaRegs
00007750   _ScibRegs
00007040   _SpiaRegs
00007010   _SysCtrlRegs
003f016b   _T1CINT_ISR
003f0175   _T1OFINT_ISR
003f0166   _T1PINT_ISR
003f0170   _T1UFINT_ISR
003f017f   _T2CINT_ISR
003f0189   _T2OFINT_ISR
003f017a   _T2PINT_ISR
003f0184   _T2UFINT_ISR
003f01b6   _T3CINT_ISR
003f01c0   _T3OFINT_ISR
003f01b1   _T3PINT_ISR
003f01bb   _T3UFINT_ISR
003f01ca   _T4CINT_ISR
003f01d4   _T4OFINT_ISR
003f01c5   _T4PINT_ISR
003f01cf   _T4UFINT_ISR
003f0148   _TINT0_ISR
003f0107   _USER0_ISR
003f0139   _USER10_ISR
003f013e   _USER11_ISR
003f010c   _USER1_ISR
003f0111   _USER2_ISR
003f0116   _USER3_ISR
003f011b   _USER4_ISR
003f0120   _USER5_ISR
003f0125   _USER6_ISR
003f012a   _USER7_ISR
003f012f   _USER8_ISR
003f0134   _USER9_ISR
003f014d   _WAKEINT_ISR
003f00e9   _XINT1_ISR
003f00ee   _XINT2_ISR
00007070   _XIntruptRegs
00000b20   _XintfRegs
00000190   __STACK_SIZE
ffffffff   ___binit__
00009000   ___bss__
ffffffff   ___c_args__
003f0307   ___cinit__
00000000   ___data__
00000000   ___edata__
00009084   ___end__
003f0307   ___etext__
ffffffff   ___pinit__
003f0000   ___text__
003f02f7   __args_main
00009004   __cleanup_ptr
00009002   __dtors_ptr
00009082   __lock
003f02f0   __nop
003f02f1   __register_lock
003f02f4   __register_unlock
00009080   __unlock
003f02ef   _abort
003f02d4   _atexit
003f026f   _c_int00
00009085   _count
003f0079   _eva_timer1_isr
003f02b3   _exit
00009088   _i
003f0043   _init_eva_timer1
003f0098   _main
003f0092   _nothing
00009086   _rambase
003f0229   _rsvd_ISR
00009084   _tmp
ffffffff   binit
003f0307   cinit
003f7ff6   code_start
00000000   edata
00009084   end
003f0307   etext
ffffffff   pinit


GLOBAL SYMBOLS: SORTED BY Symbol Address 

address    name
--------   ----
00000000   edata
00000000   ___edata__
00000000   ___data__
00000000   .data
00000190   __STACK_SIZE
00000880   _DevEmuRegs
00000a80   _FlashRegs
00000ae0   _CsmRegs
00000b20   _XintfRegs
00000c00   _CpuTimer0Regs
00000c08   _CpuTimer1Regs
00000c10   _CpuTimer2Regs
00000ce0   _PieCtrl
00000d00   _PieVectTable
00006000   _ECanaRegs
00006100   _ECanaMboxes
00007010   _SysCtrlRegs
00007040   _SpiaRegs
00007050   _SciaRegs
00007070   _XIntruptRegs
000070c0   _GpioMuxRegs
000070e0   _GpioDataRegs
00007100   _AdcRegs
00007400   _EvaRegs
00007500   _EvbRegs
00007750   _ScibRegs
00007800   _McbspaRegs
00008000   _InitFlash
00009000   .bss
00009000   ___bss__
00009002   __dtors_ptr
00009004   __cleanup_ptr
00009080   __unlock
00009082   __lock
00009084   _tmp
00009084   end
00009084   ___end__
00009085   _count
00009086   _rambase
00009088   _i
003f0000   ___text__
003f0000   .text
003f0007   _InitSysCtrl
003f0037   _InitGpio
003f0043   _init_eva_timer1
003f0050   _InitXintf
003f0079   _eva_timer1_isr
003f0092   _nothing
003f0098   _main
003f00da   _INT13_ISR
003f00df   _INT14_ISR
003f00e4   _NMI_ISR
003f00e9   _XINT1_ISR
003f00ee   _XINT2_ISR
003f00f3   _DATALOG_ISR
003f00f8   _RTOSINT_ISR
003f00fd   _EMUINT_ISR
003f0102   _ILLEGAL_ISR
003f0107   _USER0_ISR
003f010c   _USER1_ISR
003f0111   _USER2_ISR
003f0116   _USER3_ISR
003f011b   _USER4_ISR
003f0120   _USER5_ISR
003f0125   _USER6_ISR
003f012a   _USER7_ISR
003f012f   _USER8_ISR
003f0134   _USER9_ISR
003f0139   _USER10_ISR
003f013e   _USER11_ISR
003f0143   _ADCINT_ISR
003f0148   _TINT0_ISR
003f014d   _WAKEINT_ISR
003f0152   _PDPINTA_ISR
003f0157   _CMP1INT_ISR
003f015c   _CMP2INT_ISR
003f0161   _CMP3INT_ISR
003f0166   _T1PINT_ISR
003f016b   _T1CINT_ISR
003f0170   _T1UFINT_ISR
003f0175   _T1OFINT_ISR
003f017a   _T2PINT_ISR
003f017f   _T2CINT_ISR
003f0184   _T2UFINT_ISR
003f0189   _T2OFINT_ISR
003f018e   _CAPINT1_ISR
003f0193   _CAPINT2_ISR
003f0198   _CAPINT3_ISR
003f019d   _PDPINTB_ISR
003f01a2   _CMP4INT_ISR
003f01a7   _CMP5INT_ISR
003f01ac   _CMP6INT_ISR
003f01b1   _T3PINT_ISR
003f01b6   _T3CINT_ISR
003f01bb   _T3UFINT_ISR
003f01c0   _T3OFINT_ISR
003f01c5   _T4PINT_ISR
003f01ca   _T4CINT_ISR
003f01cf   _T4UFINT_ISR
003f01d4   _T4OFINT_ISR
003f01d9   _CAPINT4_ISR
003f01de   _CAPINT5_ISR
003f01e3   _CAPINT6_ISR
003f01e8   _MRINTA_ISR
003f01ed   _MXINTA_ISR
003f01f2   _SPIRXINTA_ISR
003f01f7   _SPITXINTA_ISR
003f01fc   _SCIRXINTA_ISR
003f0201   _SCITXINTA_ISR
003f0206   _SCIRXINTB_ISR
003f020b   _SCITXINTB_ISR
003f0210   _ECAN0INTA_ISR
003f021a   _ECAN1INTA_ISR
003f0224   _PIE_RESERVED
003f0229   _rsvd_ISR
003f022e   _InitPieCtrl
003f024f   _InitPieVectTable
003f026f   _c_int00
003f02b3   _exit
003f02d2   C$$EXIT
003f02d4   _atexit
003f02ef   _abort
003f02f0   __nop
003f02f1   __register_lock
003f02f4   __register_unlock
003f02f7   __args_main
003f0307   etext
003f0307   ___cinit__
003f0307   cinit
003f0307   ___etext__
003f4000   _PieVectTableInit
003f7ff6   code_start
003f7ff8   _CsmPwl
ffffffff   pinit
ffffffff   ___c_args__
ffffffff   ___binit__
ffffffff   binit
ffffffff   ___pinit__

[138 symbols]
