******************************************************************************
        TMS320C2000 COFF Linker PC v4.1.3                      
******************************************************************************
>> Linked Wed Nov 09 16:23:53 2011

OUTPUT FILE NAME:   <./Debug/AD.out>
ENTRY POINT SYMBOL: "_c_int00"  address: 003f821d


MEMORY CONFIGURATION

                  name            origin    length      used    attr    fill
         ----------------------  --------  ---------  --------  ----  --------
PAGE  0: RAMM0                   00000000   00000400  00000000  RWIX
         BEGIN                   003f8000   00000002  00000000  RWIX
         PRAMH0                  003f8002   00000ffe  00000366  RWIX
         BOOTROM                 003ff000   00000fc0  00000000  RW  
         RESET                   003fffc0   00000002  00000000  RWIX

PAGE  1: RAMM1                   00000400   00000400  00000400  RWIX
         DEV_EMU                 00000880   00000180  000000d6  RWIX
         FLASH_REGS              00000a80   00000060  00000008  RWIX
         CSM                     00000ae0   00000010  00000010  RWIX
         XINTF                   00000b20   00000020  00000020  RWIX
         CPU_TIMER0              00000c00   00000008  00000008  RWIX
         CPU_TIMER1              00000c08   00000008  00000008  RWIX
         CPU_TIMER2              00000c10   00000008  00000008  RWIX
         PIE_CTRL                00000ce0   00000020  0000001a  RWIX
         PIE_VECT                00000d00   00000100  00000100  RWIX
         ECANA                   00006000   00000040  00000034  RWIX
         ECANA_LAM               00006040   00000040  00000000  RWIX
         ECANA_MOTS              00006080   00000040  00000000  RWIX
         ECANA_MOTO              000060c0   00000040  00000000  RWIX
         ECANA_MBOX              00006100   00000100  00000100  RWIX
         SYSTEM                  00007010   00000020  00000020  RWIX
         SPIA                    00007040   00000010  00000010  RWIX
         SCIA                    00007050   00000010  00000010  RWIX
         XINTRUPT                00007070   00000010  00000010  RWIX
         GPIOMUX                 000070c0   00000020  00000020  RWIX
         GPIODAT                 000070e0   00000020  00000020  RWIX
         ADC                     00007100   00000020  0000001a  RWIX
         EVA                     00007400   00000040  00000032  RWIX
         EVB                     00007500   00000040  00000032  RWIX
         SCIB                    00007750   00000010  00000010  RWIX
         MCBSPA                  00007800   00000040  00000025  RWIX
         L0L1RAM                 00008000   00002000  00000000  RW  
         CSM_PWL                 003f7ff8   00000008  00000008  RWIX
         DRAMH0                  003f9000   00002000  00000400  RWIX


SECTION ALLOCATION MAP

 output                                  attributes/
section   page    origin      length       input sections
--------  ----  ----------  ----------   ----------------
.switch    0    00000000    00000000     UNINITIALIZED

codestart 
*          0    003f8000    00000000     UNINITIALIZED

ramfuncs   0    003f8002    00000000     UNINITIALIZED

.pinit     0    003f8002    00000000     UNINITIALIZED

IQmath     0    003f8002    00000000     UNINITIALIZED

.text      0    003f8002    0000032a     
                  003f8002    00000035     fir16.obj (.text)
                  003f8037    0000014a     DSP28_DefaultIsr.obj (.text)
                  003f8181    0000009c     ad.obj (.text)
                  003f821d    00000044     rts2800.lib : boot.obj (.text)
                  003f8261    0000003d                 : exit.obj (.text)
                  003f829e    00000035     DSP28_SysCtrl.obj (.text)
                  003f82d3    00000022     DSP28_PieCtrl.obj (.text)
                  003f82f5    00000020     DSP28_PieVect.obj (.text)
                  003f8315    00000010     rts2800.lib : args_main.obj (.text)
                  003f8325    00000007                 : _lock.obj (.text)

.cinit     0    003f832c    0000003c     
                  003f832c    00000028     ad.obj (.cinit)
                  003f8354    0000000b     rts2800.lib : exit.obj (.cinit)
                  003f835f    00000008                 : _lock.obj (.cinit)
                  003f8367    00000001     --HOLE-- [fill = 0]

IQmathTables 
*          0    003ff000    00000000     UNINITIALIZED

.reset     0    003fffc0    00000002     DSECT
                  003fffc0    00000002     rts2800.lib : boot.obj (.reset)

.data      1    00000000    00000000     UNINITIALIZED

.stack     1    00000400    00000400     UNINITIALIZED

DevEmuRegsFile 
*          1    00000880    000000d6     UNINITIALIZED
                  00000880    000000d6     DSP28_GlobalVariableDefs.obj (DevEmuRegsFile)

FlashRegsFile 
*          1    00000a80    00000008     UNINITIALIZED
                  00000a80    00000008     DSP28_GlobalVariableDefs.obj (FlashRegsFile)

CsmRegsFile 
*          1    00000ae0    00000010     UNINITIALIZED
                  00000ae0    00000010     DSP28_GlobalVariableDefs.obj (CsmRegsFile)

XintfRegsFile 
*          1    00000b20    00000020     UNINITIALIZED
                  00000b20    00000020     DSP28_GlobalVariableDefs.obj (XintfRegsFile)

CpuTimer0RegsFile 
*          1    00000c00    00000008     UNINITIALIZED
                  00000c00    00000008     DSP28_GlobalVariableDefs.obj (CpuTimer0RegsFile)

CpuTimer1RegsFile 
*          1    00000c08    00000008     UNINITIALIZED
                  00000c08    00000008     DSP28_GlobalVariableDefs.obj (CpuTimer1RegsFile)

CpuTimer2RegsFile 
*          1    00000c10    00000008     UNINITIALIZED
                  00000c10    00000008     DSP28_GlobalVariableDefs.obj (CpuTimer2RegsFile)

PieCtrlRegsFile 
*          1    00000ce0    0000001a     UNINITIALIZED
                  00000ce0    0000001a     DSP28_GlobalVariableDefs.obj (PieCtrlRegsFile)

PieVectTableFile 
*          1    00000d00    00000000     UNINITIALIZED

PieVectTable 
*          1    00000d00    00000100     UNINITIALIZED
                  00000d00    00000100     DSP28_GlobalVariableDefs.obj (PieVectTable)

ECanaRegsFile 
*          1    00006000    00000034     UNINITIALIZED
                  00006000    00000034     DSP28_GlobalVariableDefs.obj (ECanaRegsFile)

ECanaLAMRegsFile 
*          1    00006040    00000000     UNINITIALIZED

ECanaMOTSRegsFile 
*          1    00006080    00000000     UNINITIALIZED

ECanaMOTORegsFile 
*          1    000060c0    00000000     UNINITIALIZED

ECanaMboxesFile 
*          1    00006100    00000100     UNINITIALIZED
                  00006100    00000100     DSP28_GlobalVariableDefs.obj (ECanaMboxesFile)

SysCtrlRegsFile 
*          1    00007010    00000020     UNINITIALIZED
                  00007010    00000020     DSP28_GlobalVariableDefs.obj (SysCtrlRegsFile)

SpiaRegsFile 
*          1    00007040    00000010     UNINITIALIZED
                  00007040    00000010     DSP28_GlobalVariableDefs.obj (SpiaRegsFile)

SciaRegsFile 
*          1    00007050    00000010     UNINITIALIZED
                  00007050    00000010     DSP28_GlobalVariableDefs.obj (SciaRegsFile)

XIntruptRegsFile 
*          1    00007070    00000010     UNINITIALIZED
                  00007070    00000010     DSP28_GlobalVariableDefs.obj (XIntruptRegsFile)

GpioMuxRegsFile 
*          1    000070c0    00000020     UNINITIALIZED
                  000070c0    00000020     DSP28_GlobalVariableDefs.obj (GpioMuxRegsFile)

GpioDataRegsFile 
*          1    000070e0    00000020     UNINITIALIZED
                  000070e0    00000020     DSP28_GlobalVariableDefs.obj (GpioDataRegsFile)

AdcRegsFile 
*          1    00007100    0000001a     UNINITIALIZED
                  00007100    0000001a     DSP28_GlobalVariableDefs.obj (AdcRegsFile)

EvaRegsFile 
*          1    00007400    00000032     UNINITIALIZED
                  00007400    00000032     DSP28_GlobalVariableDefs.obj (EvaRegsFile)

EvbRegsFile 
*          1    00007500    00000032     UNINITIALIZED
                  00007500    00000032     DSP28_GlobalVariableDefs.obj (EvbRegsFile)

ScibRegsFile 
*          1    00007750    00000010     UNINITIALIZED
                  00007750    00000010     DSP28_GlobalVariableDefs.obj (ScibRegsFile)

McbspaRegsFile 
*          1    00007800    00000025     UNINITIALIZED
                  00007800    00000025     DSP28_GlobalVariableDefs.obj (McbspaRegsFile)

CsmPwlFile 
*          1    003f7ff8    00000008     UNINITIALIZED
                  003f7ff8    00000008     DSP28_GlobalVariableDefs.obj (CsmPwlFile)

.esysmem   1    003f9000    00000000     UNINITIALIZED

.ebss      1    003f9000    00000208     UNINITIALIZED
                  003f9000    00000208     ad.obj (.ebss)

.econst    1    003f9208    00000134     
                  003f9208    00000100     DSP28_PieVect.obj (.econst)
                  003f9308    00000034     ad.obj (.econst)

firfilt    1    003f9340    0000000c     UNINITIALIZED
                  003f9340    0000000c     ad.obj (firfilt)

firldb     1    003f9400    00000034     UNINITIALIZED
                  003f9400    00000034     ad.obj (firldb)

.bss       1    003f9440    00000084     UNINITIALIZED
                  003f9440    00000080     rts2800.lib : exit.obj (.bss)
                  003f94c0    00000004                 : _lock.obj (.bss)


GLOBAL SYMBOLS: SORTED ALPHABETICALLY BY Name 

address    name
--------   ----
003f9440   .bss
00000000   .data
003f8002   .text
003f8280   C$$EXIT
003f80a0   _ADCINT_ISR
00007100   _AdcRegs
003f80eb   _CAPINT1_ISR
003f80f0   _CAPINT2_ISR
003f80f5   _CAPINT3_ISR
003f8136   _CAPINT4_ISR
003f813b   _CAPINT5_ISR
003f8140   _CAPINT6_ISR
003f80b4   _CMP1INT_ISR
003f80b9   _CMP2INT_ISR
003f80be   _CMP3INT_ISR
003f80ff   _CMP4INT_ISR
003f8104   _CMP5INT_ISR
003f8109   _CMP6INT_ISR
00000c00   _CpuTimer0Regs
00000c08   _CpuTimer1Regs
00000c10   _CpuTimer2Regs
003f7ff8   _CsmPwl
00000ae0   _CsmRegs
003f8050   _DATALOG_ISR
00000880   _DevEmuRegs
003f816d   _ECAN0INTA_ISR
003f8172   _ECAN1INTA_ISR
00006100   _ECanaMboxes
00006000   _ECanaRegs
003f805a   _EMUINT_ISR
00007400   _EvaRegs
00007500   _EvbRegs
003f8016   _FIR16_calc
003f8002   _FIR16_init
00000a80   _FlashRegs
000070e0   _GpioDataRegs
000070c0   _GpioMuxRegs
003f805f   _ILLEGAL_ISR
003f8037   _INT13_ISR
003f803c   _INT14_ISR
003f81a7   _InitAdc
003f82d3   _InitPieCtrl
003f82f5   _InitPieVectTable
003f829e   _InitSysCtrl
003f82c9   _KickDog
003f8145   _MRINTA_ISR
003f814a   _MXINTA_ISR
00007800   _McbspaRegs
003f8041   _NMI_ISR
003f80af   _PDPINTA_ISR
003f80fa   _PDPINTB_ISR
003f8177   _PIE_RESERVED
00000ce0   _PieCtrl
00000d00   _PieVectTable
003f9208   _PieVectTableInit
003f8055   _RTOSINT_ISR
003f8159   _SCIRXINTA_ISR
003f8163   _SCIRXINTB_ISR
003f815e   _SCITXINTA_ISR
003f8168   _SCITXINTB_ISR
003f814f   _SPIRXINTA_ISR
003f8154   _SPITXINTA_ISR
00007050   _SciaRegs
00007750   _ScibRegs
00007040   _SpiaRegs
00007010   _SysCtrlRegs
003f80c8   _T1CINT_ISR
003f80d2   _T1OFINT_ISR
003f80c3   _T1PINT_ISR
003f80cd   _T1UFINT_ISR
003f80dc   _T2CINT_ISR
003f80e6   _T2OFINT_ISR
003f80d7   _T2PINT_ISR
003f80e1   _T2UFINT_ISR
003f8113   _T3CINT_ISR
003f811d   _T3OFINT_ISR
003f810e   _T3PINT_ISR
003f8118   _T3UFINT_ISR
003f8127   _T4CINT_ISR
003f8131   _T4OFINT_ISR
003f8122   _T4PINT_ISR
003f812c   _T4UFINT_ISR
003f80a5   _TINT0_ISR
003f8064   _USER0_ISR
003f8096   _USER10_ISR
003f809b   _USER11_ISR
003f8069   _USER1_ISR
003f806e   _USER2_ISR
003f8073   _USER3_ISR
003f8078   _USER4_ISR
003f807d   _USER5_ISR
003f8082   _USER6_ISR
003f8087   _USER7_ISR
003f808c   _USER8_ISR
003f8091   _USER9_ISR
003f80aa   _WAKEINT_ISR
003f8046   _XINT1_ISR
003f804b   _XINT2_ISR
00007070   _XIntruptRegs
00000b20   _XintfRegs
00000400   __STACK_SIZE
ffffffff   ___binit__
003f9440   ___bss__
ffffffff   ___c_args__
003f832c   ___cinit__
00000000   ___data__
00000000   ___edata__
003f94c4   ___end__
003f832c   ___etext__
ffffffff   ___pinit__
003f8002   ___text__
003f8315   __args_main
003f9444   __cleanup_ptr
003f9442   __dtors_ptr
003f94c2   __lock
003f8325   __nop
003f8326   __register_lock
003f8329   __register_unlock
003f94c0   __unlock
003f90c0   _a
003f829d   _abort
003f81fc   _ad
003f8282   _atexit
003f900e   _b
003f821d   _c_int00
003f9007   _channel
003f9308   _coeff
003f9400   _dbuffer
003f8261   _exit
003f9001   _flag1
003f9008   _flag2
003f9000   _i
003f9003   _input
003f9005   _j
003f9340   _lpf
003f9004   _m
003f8181   _main
003f900a   _max
003f9006   _n
003f900c   _out
003f9002   _output
003f817c   _rsvd_ISR
003f9040   _x
003f9140   _yn
ffffffff   binit
003f832c   cinit
00000000   edata
003f94c4   end
003f832c   etext
ffffffff   pinit


GLOBAL SYMBOLS: SORTED BY Symbol Address 

address    name
--------   ----
00000000   ___data__
00000000   ___edata__
00000000   edata
00000000   .data
00000400   __STACK_SIZE
00000880   _DevEmuRegs
00000a80   _FlashRegs
00000ae0   _CsmRegs
00000b20   _XintfRegs
00000c00   _CpuTimer0Regs
00000c08   _CpuTimer1Regs
00000c10   _CpuTimer2Regs
00000ce0   _PieCtrl
00000d00   _PieVectTable
00006000   _ECanaRegs
00006100   _ECanaMboxes
00007010   _SysCtrlRegs
00007040   _SpiaRegs
00007050   _SciaRegs
00007070   _XIntruptRegs
000070c0   _GpioMuxRegs
000070e0   _GpioDataRegs
00007100   _AdcRegs
00007400   _EvaRegs
00007500   _EvbRegs
00007750   _ScibRegs
00007800   _McbspaRegs
003f7ff8   _CsmPwl
003f8002   .text
003f8002   _FIR16_init
003f8002   ___text__
003f8016   _FIR16_calc
003f8037   _INT13_ISR
003f803c   _INT14_ISR
003f8041   _NMI_ISR
003f8046   _XINT1_ISR
003f804b   _XINT2_ISR
003f8050   _DATALOG_ISR
003f8055   _RTOSINT_ISR
003f805a   _EMUINT_ISR
003f805f   _ILLEGAL_ISR
003f8064   _USER0_ISR
003f8069   _USER1_ISR
003f806e   _USER2_ISR
003f8073   _USER3_ISR
003f8078   _USER4_ISR
003f807d   _USER5_ISR
003f8082   _USER6_ISR
003f8087   _USER7_ISR
003f808c   _USER8_ISR
003f8091   _USER9_ISR
003f8096   _USER10_ISR
003f809b   _USER11_ISR
003f80a0   _ADCINT_ISR
003f80a5   _TINT0_ISR
003f80aa   _WAKEINT_ISR
003f80af   _PDPINTA_ISR
003f80b4   _CMP1INT_ISR
003f80b9   _CMP2INT_ISR
003f80be   _CMP3INT_ISR
003f80c3   _T1PINT_ISR
003f80c8   _T1CINT_ISR
003f80cd   _T1UFINT_ISR
003f80d2   _T1OFINT_ISR
003f80d7   _T2PINT_ISR
003f80dc   _T2CINT_ISR
003f80e1   _T2UFINT_ISR
003f80e6   _T2OFINT_ISR
003f80eb   _CAPINT1_ISR
003f80f0   _CAPINT2_ISR
003f80f5   _CAPINT3_ISR
003f80fa   _PDPINTB_ISR
003f80ff   _CMP4INT_ISR
003f8104   _CMP5INT_ISR
003f8109   _CMP6INT_ISR
003f810e   _T3PINT_ISR
003f8113   _T3CINT_ISR
003f8118   _T3UFINT_ISR
003f811d   _T3OFINT_ISR
003f8122   _T4PINT_ISR
003f8127   _T4CINT_ISR
003f812c   _T4UFINT_ISR
003f8131   _T4OFINT_ISR
003f8136   _CAPINT4_ISR
003f813b   _CAPINT5_ISR
003f8140   _CAPINT6_ISR
003f8145   _MRINTA_ISR
003f814a   _MXINTA_ISR
003f814f   _SPIRXINTA_ISR
003f8154   _SPITXINTA_ISR
003f8159   _SCIRXINTA_ISR
003f815e   _SCITXINTA_ISR
003f8163   _SCIRXINTB_ISR
003f8168   _SCITXINTB_ISR
003f816d   _ECAN0INTA_ISR
003f8172   _ECAN1INTA_ISR
003f8177   _PIE_RESERVED
003f817c   _rsvd_ISR
003f8181   _main
003f81a7   _InitAdc
003f81fc   _ad
003f821d   _c_int00
003f8261   _exit
003f8280   C$$EXIT
003f8282   _atexit
003f829d   _abort
003f829e   _InitSysCtrl
003f82c9   _KickDog
003f82d3   _InitPieCtrl
003f82f5   _InitPieVectTable
003f8315   __args_main
003f8325   __nop
003f8326   __register_lock
003f8329   __register_unlock
003f832c   cinit
003f832c   ___cinit__
003f832c   etext
003f832c   ___etext__
003f9000   _i
003f9001   _flag1
003f9002   _output
003f9003   _input
003f9004   _m
003f9005   _j
003f9006   _n
003f9007   _channel
003f9008   _flag2
003f900a   _max
003f900c   _out
003f900e   _b
003f9040   _x
003f90c0   _a
003f9140   _yn
003f9208   _PieVectTableInit
003f9308   _coeff
003f9340   _lpf
003f9400   _dbuffer
003f9440   .bss
003f9440   ___bss__
003f9442   __dtors_ptr
003f9444   __cleanup_ptr
003f94c0   __unlock
003f94c2   __lock
003f94c4   ___end__
003f94c4   end
ffffffff   pinit
ffffffff   ___binit__
ffffffff   ___pinit__
ffffffff   binit
ffffffff   ___c_args__

[150 symbols]
