******************************************************************************
        TMS320C2000 COFF Linker PC v4.1.3                      
******************************************************************************
>> Linked Fri Nov 21 13:48:00 2014

OUTPUT FILE NAME:   <./Debug/test.out>
ENTRY POINT SYMBOL: "_c_int00"  address: 003f8037


MEMORY CONFIGURATION

                  name            origin    length      used    attr    fill
         ----------------------  --------  ---------  --------  ----  --------
PAGE  0: PRAML0                  00008000   00001000  00000026  RWIX
         PRAMH0                  003f8000   00002000  000000cf  RWIX

PAGE  1: RAMM0                   00000000   00000400  00000000  RWIX
         RAMM1                   00000400   00000400  00000190  RWIX
         DEV_EMU                 00000880   00000180  00000000  RWIX
         FLASH_REGS              00000a80   00000060  00000000  RWIX
         CSM                     00000ae0   00000010  00000000  RWIX
         XINTF                   00000b20   00000020  00000000  RWIX
         CPU_TIMER0              00000c00   00000008  00000000  RWIX
         CPU_TIMER1              00000c08   00000008  00000000  RWIX
         CPU_TIMER2              00000c10   00000008  00000000  RWIX
         PIE_CTRL                00000ce0   00000020  00000000  RWIX
         PIE_VECT                00000d00   00000100  00000000  RWIX
         ECAN_A                  00006000   00000100  00000000  RWIX
         ECAN_AMBOX              00006100   00000100  00000000  RWIX
         SYSTEM                  00007010   00000020  00000000  RWIX
         SPI_A                   00007040   00000010  00000000  RWIX
         SCI_A                   00007050   00000010  00000000  RWIX
         XINTRUPT                00007070   00000010  00000000  RWIX
         GPIOMUX                 000070c0   00000020  00000000  RWIX
         GPIODAT                 000070e0   00000020  00000000  RWIX
         ADC                     00007100   00000020  00000000  RWIX
         EV_A                    00007400   00000040  00000000  RWIX
         EV_B                    00007500   00000040  00000000  RWIX
         SPI_B                   00007740   00000010  00000000  RWIX
         SCI_B                   00007750   00000010  00000000  RWIX
         MCBSP_A                 00007800   00000040  00000000  RWIX
         DRAML1                  00009000   00001000  00000088  RWIX
         CSM_PWL                 003f7ff8   00000008  00000000  RWIX


SECTION ALLOCATION MAP

 output                                  attributes/
section   page    origin      length       input sections
--------  ----  ----------  ----------   ----------------
.cinit     0    00008000    00000024     
                  00008000    00000010     test.obj (.cinit)
                  00008010    0000000b     rts2800.lib : exit.obj (.cinit)
                  0000801b    00000008                 : _lock.obj (.cinit)
                  00008023    00000001     --HOLE-- [fill = 0]

.reset     0    00008024    00000002     
                  00008024    00000002     rts2800.lib : boot.obj (.reset)

.text      0    003f8000    000000cf     
                  003f8000    00000037     test.obj (.text)
                  003f8037    00000044     rts2800.lib : boot.obj (.text)
                  003f807b    0000003d                 : exit.obj (.text)
                  003f80b8    00000007                 : _lock.obj (.text)
                  003f80bf    00000010                 : args_main.obj (.text)

.data      1    00000000    00000000     UNINITIALIZED

.stack     1    00000400    00000190     UNINITIALIZED

DevEmuRegsFile 
*          1    00000880    00000000     UNINITIALIZED

FlashRegsFile 
*          1    00000a80    00000000     UNINITIALIZED

CsmRegsFile 
*          1    00000ae0    00000000     UNINITIALIZED

XintfRegsFile 
*          1    00000b20    00000000     UNINITIALIZED

CpuTimer0RegsFile 
*          1    00000c00    00000000     UNINITIALIZED

CpuTimer1RegsFile 
*          1    00000c08    00000000     UNINITIALIZED

CpuTimer2RegsFile 
*          1    00000c10    00000000     UNINITIALIZED

PieCtrlRegsFile 
*          1    00000ce0    00000000     UNINITIALIZED

PieVectTable 
*          1    00000d00    00000000     UNINITIALIZED

ECanaRegsFile 
*          1    00006000    00000000     UNINITIALIZED

ECanaMboxesFile 
*          1    00006100    00000000     UNINITIALIZED

SysCtrlRegsFile 
*          1    00007010    00000000     UNINITIALIZED

SpiaRegsFile 
*          1    00007040    00000000     UNINITIALIZED

SciaRegsFile 
*          1    00007050    00000000     UNINITIALIZED

XIntruptRegsFile 
*          1    00007070    00000000     UNINITIALIZED

GpioMuxRegsFile 
*          1    000070c0    00000000     UNINITIALIZED

GpioDataRegsFile 
*          1    000070e0    00000000     UNINITIALIZED

AdcRegsFile 
*          1    00007100    00000000     UNINITIALIZED

EvaRegsFile 
*          1    00007400    00000000     UNINITIALIZED

EvbRegsFile 
*          1    00007500    00000000     UNINITIALIZED

ScibRegsFile 
*          1    00007750    00000000     UNINITIALIZED

McbspaRegsFile 
*          1    00007800    00000000     UNINITIALIZED

.const     1    00009000    00000000     UNINITIALIZED

.econst    1    00009000    00000000     UNINITIALIZED

.sysmem    1    00009000    00000000     UNINITIALIZED

.bss       1    00009000    00000084     UNINITIALIZED
                  00009000    00000080     rts2800.lib : exit.obj (.bss)
                  00009080    00000004                 : _lock.obj (.bss)

.ebss      1    00009084    00000004     UNINITIALIZED
                  00009084    00000004     test.obj (.ebss)

CsmPwlFile 
*          1    003f7ff8    00000000     UNINITIALIZED


GLOBAL SYMBOLS: SORTED ALPHABETICALLY BY Name 

address    name
--------   ----
00009000   .bss
00000000   .data
003f8000   .text
003f809a   C$$EXIT
00009085   _Flag_SJ
003f8000   _State_Confirm
00000190   __STACK_SIZE
ffffffff   ___binit__
00009000   ___bss__
ffffffff   ___c_args__
00008000   ___cinit__
00000000   ___data__
00000000   ___edata__
00009084   ___end__
003f80cf   ___etext__
ffffffff   ___pinit__
003f8000   ___text__
003f80bf   __args_main
00009004   __cleanup_ptr
00009002   __dtors_ptr
00009082   __lock
003f80b8   __nop
003f80b9   __register_lock
003f80bc   __register_unlock
00009080   __unlock
00009086   _a
003f80b7   _abort
003f809c   _atexit
00009084   _b
003f8037   _c_int00
00009087   _condition
003f807b   _exit
003f8020   _main
ffffffff   binit
00008000   cinit
00000000   edata
00009084   end
003f80cf   etext
ffffffff   pinit


GLOBAL SYMBOLS: SORTED BY Symbol Address 

address    name
--------   ----
00000000   edata
00000000   ___edata__
00000000   ___data__
00000000   .data
00000190   __STACK_SIZE
00008000   cinit
00008000   ___cinit__
00009000   ___bss__
00009000   .bss
00009002   __dtors_ptr
00009004   __cleanup_ptr
00009080   __unlock
00009082   __lock
00009084   _b
00009084   end
00009084   ___end__
00009085   _Flag_SJ
00009086   _a
00009087   _condition
003f8000   _State_Confirm
003f8000   .text
003f8000   ___text__
003f8020   _main
003f8037   _c_int00
003f807b   _exit
003f809a   C$$EXIT
003f809c   _atexit
003f80b7   _abort
003f80b8   __nop
003f80b9   __register_lock
003f80bc   __register_unlock
003f80bf   __args_main
003f80cf   etext
003f80cf   ___etext__
ffffffff   ___binit__
ffffffff   pinit
ffffffff   ___c_args__
ffffffff   binit
ffffffff   ___pinit__

[39 symbols]
