******************************************************************************
        TMS320C2000 COFF Linker PC Version 3.03                
******************************************************************************
>> Linked Thu Mar 17 16:12:01 2005

OUTPUT FILE NAME:   <./Debug/AD.out>
ENTRY POINT SYMBOL: "_c_int00"  address: 003f8002


MEMORY CONFIGURATION

                  name            origin    length      used    attr    fill
         ----------------------  --------  ---------  --------  ----  --------
PAGE  0: PRAMH0                  003f8000   00001000  00000766  RWIX

PAGE  1: RAMM0                   00000000   00000400  00000000  RWIX
         RAMM1                   00000400   00000400  00000400  RWIX
         DEV_EMU                 00000880   00000180  000000d6  RWIX
         FLASH_REGS              00000a80   00000060  00000008  RWIX
         CSM                     00000ae0   00000010  00000010  RWIX
         XINTF                   00000b20   00000020  00000020  RWIX
         CPU_TIMER0              00000c00   00000008  00000008  RWIX
         CPU_TIMER1              00000c08   00000008  00000008  RWIX
         CPU_TIMER2              00000c10   00000008  00000008  RWIX
         PIE_CTRL                00000ce0   00000020  0000001a  RWIX
         PIE_VECT                00000d00   00000100  00000100  RWIX
         ECAN_A                  00006000   00000100  00000034  RWIX
         ECAN_AMBOX              00006100   00000100  00000100  RWIX
         SYSTEM                  00007010   00000020  00000020  RWIX
         SPI_A                   00007040   00000010  00000010  RWIX
         SCI_A                   00007050   00000010  00000010  RWIX
         XINTRUPT                00007070   00000010  00000010  RWIX
         GPIOMUX                 000070c0   00000020  00000020  RWIX
         GPIODAT                 000070e0   00000020  00000020  RWIX
         ADC                     00007100   00000020  0000001a  RWIX
         EV_A                    00007400   00000040  00000032  RWIX
         EV_B                    00007500   00000040  00000032  RWIX
         SPI_B                   00007740   00000010  00000000  RWIX
         SCI_B                   00007750   00000010  00000010  RWIX
         MCBSP_A                 00007800   00000040  00000025  RWIX
         CSM_PWL                 003f7ff8   00000008  00000008  RWIX
         DRAMH0                  003f9000   00001000  000001c0  RWIX


SECTION ALLOCATION MAP

 output                                  attributes/
section   page    origin      length       input sections
--------  ----  ----------  ----------   ----------------
.reset     0    003f8000    00000002     
                  003f8000    00000002     rts2800.lib : boot.obj (.reset)

.text      0    003f8002    00000747     
                  003f8002    00000046     rts2800.lib : boot.obj (.text)
                  003f8048    0000003e                 : exit.obj (.text)
                  003f8086    00000007                 : _lock.obj (.text)
                  003f808d    00000237     ad.obj (.text)
                  003f82c4    00000095     DSP28_Adc.obj (.text)
                  003f8359    0000007f     DSP28_CpuTimers.obj (.text)
                  003f83d8    00000108     DSP28_DefaultIsr.obj (.text)
                  003f84e0    00000001     DSP28_ECan.obj (.text)
                  003f84e1    00000001     DSP28_Ev.obj (.text)
                  003f84e2    0000000c     DSP28_Gpio.obj (.text)
                  003f84ee    00000011     DSP28_InitPeripherals.obj (.text)
                  003f84ff    00000001     DSP28_Mcbsp.obj (.text)
                  003f8500    00000022     DSP28_PieCtrl.obj (.text)
                  003f8522    0000001f     DSP28_PieVect.obj (.text)
                  003f8541    00000001     DSP28_Sci.obj (.text)
                  003f8542    00000001     DSP28_Spi.obj (.text)
                  003f8543    0000003c     DSP28_SysCtrl.obj (.text)
                  003f857f    0000001f     DSP28_Xintf.obj (.text)
                  003f859e    00000001     DSP28_XIntrupt.obj (.text)
                  003f859f    0000008b     rts2800.lib : fs_add.obj (.text)
                  003f862a    00000083                 : fs_div.obj (.text)
                  003f86ad    0000005a                 : fs_mpy.obj (.text)
                  003f8707    00000032                 : fs_toul.obj (.text)
                  003f8739    00000010                 : u_tofs.obj (.text)

.cinit     0    003f8749    0000001d     
                  003f8749    0000000b     rts2800.lib : exit.obj (.cinit)
                  003f8754    00000008                 : _lock.obj (.cinit)
                  003f875c    00000009     ad.obj (.cinit)
                  003f8765    00000001     --HOLE-- [fill = 0]

.data      1    00000000    00000000     UNINITIALIZED

.stack     1    00000400    00000400     UNINITIALIZED

DevEmuRegsFile 
*          1    00000880    000000d6     UNINITIALIZED
                  00000880    000000d6     DSP28_GlobalVariableDefs.obj (DevEmuRegsFile)

FlashRegsFile 
*          1    00000a80    00000008     UNINITIALIZED
                  00000a80    00000008     DSP28_GlobalVariableDefs.obj (FlashRegsFile)

CsmRegsFile 
*          1    00000ae0    00000010     UNINITIALIZED
                  00000ae0    00000010     DSP28_GlobalVariableDefs.obj (CsmRegsFile)

XintfRegsFile 
*          1    00000b20    00000020     UNINITIALIZED
                  00000b20    00000020     DSP28_GlobalVariableDefs.obj (XintfRegsFile)

CpuTimer0RegsFile 
*          1    00000c00    00000008     UNINITIALIZED
                  00000c00    00000008     DSP28_GlobalVariableDefs.obj (CpuTimer0RegsFile)

CpuTimer1RegsFile 
*          1    00000c08    00000008     UNINITIALIZED
                  00000c08    00000008     DSP28_GlobalVariableDefs.obj (CpuTimer1RegsFile)

CpuTimer2RegsFile 
*          1    00000c10    00000008     UNINITIALIZED
                  00000c10    00000008     DSP28_GlobalVariableDefs.obj (CpuTimer2RegsFile)

PieCtrlRegsFile 
*          1    00000ce0    0000001a     UNINITIALIZED
                  00000ce0    0000001a     DSP28_GlobalVariableDefs.obj (PieCtrlRegsFile)

PieVectTable 
*          1    00000d00    00000100     UNINITIALIZED
                  00000d00    00000100     DSP28_GlobalVariableDefs.obj (PieVectTable)

ECanaRegsFile 
*          1    00006000    00000034     UNINITIALIZED
                  00006000    00000034     DSP28_GlobalVariableDefs.obj (ECanaRegsFile)

ECanaMboxesFile 
*          1    00006100    00000100     UNINITIALIZED
                  00006100    00000100     DSP28_GlobalVariableDefs.obj (ECanaMboxesFile)

SysCtrlRegsFile 
*          1    00007010    00000020     UNINITIALIZED
                  00007010    00000020     DSP28_GlobalVariableDefs.obj (SysCtrlRegsFile)

SpiaRegsFile 
*          1    00007040    00000010     UNINITIALIZED
                  00007040    00000010     DSP28_GlobalVariableDefs.obj (SpiaRegsFile)

SciaRegsFile 
*          1    00007050    00000010     UNINITIALIZED
                  00007050    00000010     DSP28_GlobalVariableDefs.obj (SciaRegsFile)

XIntruptRegsFile 
*          1    00007070    00000010     UNINITIALIZED
                  00007070    00000010     DSP28_GlobalVariableDefs.obj (XIntruptRegsFile)

GpioMuxRegsFile 
*          1    000070c0    00000020     UNINITIALIZED
                  000070c0    00000020     DSP28_GlobalVariableDefs.obj (GpioMuxRegsFile)

GpioDataRegsFile 
*          1    000070e0    00000020     UNINITIALIZED
                  000070e0    00000020     DSP28_GlobalVariableDefs.obj (GpioDataRegsFile)

AdcRegsFile 
*          1    00007100    0000001a     UNINITIALIZED
                  00007100    0000001a     DSP28_GlobalVariableDefs.obj (AdcRegsFile)

EvaRegsFile 
*          1    00007400    00000032     UNINITIALIZED
                  00007400    00000032     DSP28_GlobalVariableDefs.obj (EvaRegsFile)

EvbRegsFile 
*          1    00007500    00000032     UNINITIALIZED
                  00007500    00000032     DSP28_GlobalVariableDefs.obj (EvbRegsFile)

ScibRegsFile 
*          1    00007750    00000010     UNINITIALIZED
                  00007750    00000010     DSP28_GlobalVariableDefs.obj (ScibRegsFile)

McbspaRegsFile 
*          1    00007800    00000025     UNINITIALIZED
                  00007800    00000025     DSP28_GlobalVariableDefs.obj (McbspaRegsFile)

CsmPwlFile 
*          1    003f7ff8    00000008     UNINITIALIZED
                  003f7ff8    00000008     DSP28_GlobalVariableDefs.obj (CsmPwlFile)

.sysmem    1    003f9000    00000000     UNINITIALIZED

.const     1    003f9000    00000000     UNINITIALIZED

.bss       1    003f9000    00000084     UNINITIALIZED
                  003f9000    00000080     rts2800.lib : exit.obj (.bss)
                  003f9080    00000004                 : _lock.obj (.bss)

.ebss      1    003f9084    0000003c     UNINITIALIZED
                  003f9084    00000024     ad.obj (.ebss)
                  003f90a8    00000018     DSP28_CpuTimers.obj (.ebss)

.econst    1    003f90c0    00000100     
                  003f90c0    00000100     DSP28_PieVect.obj (.econst)


GLOBAL SYMBOLS: SORTED ALPHABETICALLY BY Name 

address    name
--------   ----
003f9000   .bss
00000000   .data
003f8002   .text
003f8067   C$$EXIT
003f859f   FS$$ADD
003f862a   FS$$DIV
003f86ad   FS$$MPY
003f8707   FS$$TOUL
003f8739   U$$TOFS
003f842c   _ADCINT_ISR
00007100   _AdcRegs
003f8468   _CAPINT1_ISR
003f846c   _CAPINT2_ISR
003f8470   _CAPINT3_ISR
003f84a4   _CAPINT4_ISR
003f84a8   _CAPINT5_ISR
003f84ac   _CAPINT6_ISR
003f843c   _CMP1INT_ISR
003f8440   _CMP2INT_ISR
003f8444   _CMP3INT_ISR
003f8478   _CMP4INT_ISR
003f847c   _CMP5INT_ISR
003f8480   _CMP6INT_ISR
003f8394   _ConfigCpuTimer
003f90b8   _CpuTimer0
00000c00   _CpuTimer0Regs
003f90a8   _CpuTimer1
00000c08   _CpuTimer1Regs
003f90b0   _CpuTimer2
00000c10   _CpuTimer2Regs
003f7ff8   _CsmPwl
00000ae0   _CsmRegs
003f83ec   _DATALOG_ISR
00000880   _DevEmuRegs
003f84d0   _ECAN0INTA_ISR
003f84d4   _ECAN1INTA_ISR
00006100   _ECanaMboxes
00006000   _ECanaRegs
003f83f4   _EMUINT_ISR
00007400   _EvaRegs
00007500   _EvbRegs
00000a80   _FlashRegs
000070e0   _GpioDataRegs
000070c0   _GpioMuxRegs
003f83f8   _ILLEGAL_ISR
003f83d8   _INT13_ISR
003f83dc   _INT14_ISR
003f82c4   _InitAdc
003f8359   _InitCpuTimers
003f84e0   _InitECan
003f84e1   _InitEv
003f84e2   _InitGpio
003f84ff   _InitMcbsp
003f84ee   _InitPeripherals
003f8500   _InitPieCtrl
003f8522   _InitPieVectTable
003f8541   _InitSci
003f8542   _InitSpi
003f8543   _InitSysCtrl
003f859e   _InitXIntrupt
003f857f   _InitXintf
003f8576   _KickDog
003f84b0   _MRINTA_ISR
003f84b4   _MXINTA_ISR
00007800   _McbspaRegs
003f83e0   _NMI_ISR
003f8438   _PDPINTA_ISR
003f8474   _PDPINTB_ISR
003f84d8   _PIE_RESERVED
00000ce0   _PieCtrl
00000d00   _PieVectTable
003f90c0   _PieVectTableInit
003f83f0   _RTOSINT_ISR
003f84c0   _SCIRXINTA_ISR
003f84c8   _SCIRXINTB_ISR
003f84c4   _SCITXINTA_ISR
003f84cc   _SCITXINTB_ISR
003f84b8   _SPIRXINTA_ISR
003f84bc   _SPITXINTA_ISR
00007050   _SciaRegs
00007750   _ScibRegs
00007040   _SpiaRegs
00007010   _SysCtrlRegs
003f844c   _T1CINT_ISR
003f8454   _T1OFINT_ISR
003f8448   _T1PINT_ISR
003f8450   _T1UFINT_ISR
003f845c   _T2CINT_ISR
003f8464   _T2OFINT_ISR
003f8458   _T2PINT_ISR
003f8460   _T2UFINT_ISR
003f8488   _T3CINT_ISR
003f8490   _T3OFINT_ISR
003f8484   _T3PINT_ISR
003f848c   _T3UFINT_ISR
003f8498   _T4CINT_ISR
003f84a0   _T4OFINT_ISR
003f8494   _T4PINT_ISR
003f849c   _T4UFINT_ISR
003f8430   _TINT0_ISR
003f83fc   _USER0_ISR
003f8424   _USER10_ISR
003f8428   _USER11_ISR
003f8400   _USER1_ISR
003f8404   _USER2_ISR
003f8408   _USER3_ISR
003f840c   _USER4_ISR
003f8410   _USER5_ISR
003f8414   _USER6_ISR
003f8418   _USER7_ISR
003f841c   _USER8_ISR
003f8420   _USER9_ISR
003f8434   _WAKEINT_ISR
003f83e4   _XINT1_ISR
003f83e8   _XINT2_ISR
00007070   _XIntruptRegs
00000b20   _XintfRegs
00000400   __STACK_SIZE
003f9000   ___bss__
003f8749   ___cinit__
00000000   ___data__
00000000   ___edata__
003f9084   ___end__
003f8749   ___etext__
ffffffff   ___pinit__
003f8002   ___text__
003f9004   __cleanup_ptr
003f9002   __dtors_ptr
003f9082   __lock
003f8086   __nop
003f8087   __register_lock
003f808a   __register_unlock
003f9080   __unlock
003f9088   _a1
003f9084   _a2
003f8085   _abort
003f80b1   _ad
003f9086   _adclo
003f8069   _atexit
003f8002   _c_int00
003f8048   _exit
003f808d   _main
003f84dc   _rsvd_ISR
003f8749   cinit
00000000   edata
003f9084   end
003f8749   etext
ffffffff   pinit


GLOBAL SYMBOLS: SORTED BY Symbol Address 

address    name
--------   ----
00000000   ___edata__
00000000   ___data__
00000000   .data
00000000   edata
00000400   __STACK_SIZE
00000880   _DevEmuRegs
00000a80   _FlashRegs
00000ae0   _CsmRegs
00000b20   _XintfRegs
00000c00   _CpuTimer0Regs
00000c08   _CpuTimer1Regs
00000c10   _CpuTimer2Regs
00000ce0   _PieCtrl
00000d00   _PieVectTable
00006000   _ECanaRegs
00006100   _ECanaMboxes
00007010   _SysCtrlRegs
00007040   _SpiaRegs
00007050   _SciaRegs
00007070   _XIntruptRegs
000070c0   _GpioMuxRegs
000070e0   _GpioDataRegs
00007100   _AdcRegs
00007400   _EvaRegs
00007500   _EvbRegs
00007750   _ScibRegs
00007800   _McbspaRegs
003f7ff8   _CsmPwl
003f8002   ___text__
003f8002   .text
003f8002   _c_int00
003f8048   _exit
003f8067   C$$EXIT
003f8069   _atexit
003f8085   _abort
003f8086   __nop
003f8087   __register_lock
003f808a   __register_unlock
003f808d   _main
003f80b1   _ad
003f82c4   _InitAdc
003f8359   _InitCpuTimers
003f8394   _ConfigCpuTimer
003f83d8   _INT13_ISR
003f83dc   _INT14_ISR
003f83e0   _NMI_ISR
003f83e4   _XINT1_ISR
003f83e8   _XINT2_ISR
003f83ec   _DATALOG_ISR
003f83f0   _RTOSINT_ISR
003f83f4   _EMUINT_ISR
003f83f8   _ILLEGAL_ISR
003f83fc   _USER0_ISR
003f8400   _USER1_ISR
003f8404   _USER2_ISR
003f8408   _USER3_ISR
003f840c   _USER4_ISR
003f8410   _USER5_ISR
003f8414   _USER6_ISR
003f8418   _USER7_ISR
003f841c   _USER8_ISR
003f8420   _USER9_ISR
003f8424   _USER10_ISR
003f8428   _USER11_ISR
003f842c   _ADCINT_ISR
003f8430   _TINT0_ISR
003f8434   _WAKEINT_ISR
003f8438   _PDPINTA_ISR
003f843c   _CMP1INT_ISR
003f8440   _CMP2INT_ISR
003f8444   _CMP3INT_ISR
003f8448   _T1PINT_ISR
003f844c   _T1CINT_ISR
003f8450   _T1UFINT_ISR
003f8454   _T1OFINT_ISR
003f8458   _T2PINT_ISR
003f845c   _T2CINT_ISR
003f8460   _T2UFINT_ISR
003f8464   _T2OFINT_ISR
003f8468   _CAPINT1_ISR
003f846c   _CAPINT2_ISR
003f8470   _CAPINT3_ISR
003f8474   _PDPINTB_ISR
003f8478   _CMP4INT_ISR
003f847c   _CMP5INT_ISR
003f8480   _CMP6INT_ISR
003f8484   _T3PINT_ISR
003f8488   _T3CINT_ISR
003f848c   _T3UFINT_ISR
003f8490   _T3OFINT_ISR
003f8494   _T4PINT_ISR
003f8498   _T4CINT_ISR
003f849c   _T4UFINT_ISR
003f84a0   _T4OFINT_ISR
003f84a4   _CAPINT4_ISR
003f84a8   _CAPINT5_ISR
003f84ac   _CAPINT6_ISR
003f84b0   _MRINTA_ISR
003f84b4   _MXINTA_ISR
003f84b8   _SPIRXINTA_ISR
003f84bc   _SPITXINTA_ISR
003f84c0   _SCIRXINTA_ISR
003f84c4   _SCITXINTA_ISR
003f84c8   _SCIRXINTB_ISR
003f84cc   _SCITXINTB_ISR
003f84d0   _ECAN0INTA_ISR
003f84d4   _ECAN1INTA_ISR
003f84d8   _PIE_RESERVED
003f84dc   _rsvd_ISR
003f84e0   _InitECan
003f84e1   _InitEv
003f84e2   _InitGpio
003f84ee   _InitPeripherals
003f84ff   _InitMcbsp
003f8500   _InitPieCtrl
003f8522   _InitPieVectTable
003f8541   _InitSci
003f8542   _InitSpi
003f8543   _InitSysCtrl
003f8576   _KickDog
003f857f   _InitXintf
003f859e   _InitXIntrupt
003f859f   FS$$ADD
003f862a   FS$$DIV
003f86ad   FS$$MPY
003f8707   FS$$TOUL
003f8739   U$$TOFS
003f8749   etext
003f8749   cinit
003f8749   ___cinit__
003f8749   ___etext__
003f9000   ___bss__
003f9000   .bss
003f9002   __dtors_ptr
003f9004   __cleanup_ptr
003f9080   __unlock
003f9082   __lock
003f9084   ___end__
003f9084   end
003f9084   _a2
003f9086   _adclo
003f9088   _a1
003f90a8   _CpuTimer1
003f90b0   _CpuTimer2
003f90b8   _CpuTimer0
003f90c0   _PieVectTableInit
ffffffff   pinit
ffffffff   ___pinit__

[148 symbols]
