******************************************************************************
        TMS320C2000 COFF Linker PC v4.1.3                      
******************************************************************************
>> Linked Wed Jun 15 11:04:25 2016

OUTPUT FILE NAME:   <./Debug/sci.out>
ENTRY POINT SYMBOL: "_c_int00"  address: 003f02ab


MEMORY CONFIGURATION

                  name            origin    length      used    attr    fill
         ----------------------  --------  ---------  --------  ----  --------
PAGE  0: RAML0                   00008000   00001000  0000001b  RWIX
         RAML1                   00009000   00001000  00000000  RWIX
         OTP                     003d7800   00000800  00000000  RWIX
         FLASH_J                 003d8000   00002000  00000000  RWIX
         FLASH_I                 003da000   00002000  00000000  RWIX
         FLASH_H                 003dc000   00004000  00000000  RWIX
         FLASH_G                 003e0000   00004000  00000000  RWIX
         FLASH_F                 003e4000   00004000  00000000  RWIX
         FLASH_E                 003e8000   00004000  00000041  RWIX
         FLASH_D                 003ec000   00004000  0000001b  RWIX
         FLASH_C                 003f0000   00004000  00000343  RWIX
         FLASH_A                 003f7000   00000f80  00000000  RWIX
         CSM_RSVD                003f7f80   00000076  00000076  RWIX
         BEGIN                   003f7ff6   00000002  00000002  RWIX
         PASSWORDS               003f7ff8   00000008  00000008  RWIX
         ROM                     003ff000   00000fc0  00000000  RWIX
         RESET                   003fffc0   00000002  00000000  RWIX
         VECTORS                 003fffc2   0000003e  00000000  RWIX

PAGE  1: RAMM01                  00000000   00000800  00000190  RWIX
         DEV_EMU                 00000880   00000180  000000d6  RWIX
         FLASH_REGS              00000a80   00000060  00000008  RWIX
         CSM                     00000ae0   00000010  00000010  RWIX
         XINTF                   00000b20   00000020  00000020  RWIX
         CPU_TIMER0              00000c00   00000008  00000008  RWIX
         CPU_TIMER1              00000c08   00000008  00000008  RWIX
         CPU_TIMER2              00000c10   00000008  00000008  RWIX
         PIE_CTRL                00000ce0   00000020  0000001a  RWIX
         PIE_VECT                00000d00   00000100  00000100  RWIX
         ECAN_A                  00006000   00000100  00000034  RWIX
         ECAN_AMBOX              00006100   00000100  00000100  RWIX
         SYSTEM                  00007010   00000020  00000020  RWIX
         SPI_A                   00007040   00000010  00000010  RWIX
         SCI_A                   00007050   00000010  00000010  RWIX
         XINTRUPT                00007070   00000010  00000010  RWIX
         GPIOMUX                 000070c0   00000020  00000020  RWIX
         GPIODAT                 000070e0   00000020  00000020  RWIX
         ADC                     00007100   00000020  0000001a  RWIX
         EV_A                    00007400   00000040  00000032  RWIX
         EV_B                    00007500   00000040  00000032  RWIX
         SCI_B                   00007750   00000010  00000010  RWIX
         MCBSP_A                 00007800   00000040  00000025  RWIX
         RAML1                   00009000   00001000  00000097  RWIX
         FLASH_B                 003f4000   00003000  00000100  RWIX
         CSM_PWL                 003f7ff8   00000008  00000008  RWIX
         RAMH0                   003f8000   00002000  00000000  RWIX


SECTION ALLOCATION MAP

 output                                  attributes/
section   page    origin      length       input sections
--------  ----  ----------  ----------   ----------------
.cinit     0    003e8000    00000041     
                  003e8000    0000002d     SCI_TEST.obj (.cinit)
                  003e802d    0000000b     rts2800.lib : exit.obj (.cinit)
                  003e8038    00000008                 : _lock.obj (.cinit)
                  003e8040    00000001     --HOLE-- [fill = 0]

ramfuncs   0    003ec000    0000001b     RUN ADDR = 00008000
                  003ec000    0000001b     SCI_TEST.obj (ramfuncs)

.pinit     0    003f0000    00000000     UNINITIALIZED

.text      0    003f0000    00000343     
                  003f0000    000000d2     SCI_TEST.obj (.text)
                  003f00d2    0000014f     DSP28_DefaultIsr.obj (.text)
                  003f0221    00000021     DSP28_PieCtrl.obj (.text)
                  003f0242    00000020     DSP28_PieVect.obj (.text)
                  003f0262    0000002d     DSP28_SysCtrl.obj (.text)
                  003f028f    00000007     CodeStartBranch.obj (.text)
                  003f0296    00000015     DSP281x_MemCopy.obj (.text)
                  003f02ab    00000044     rts2800.lib : boot.obj (.text)
                  003f02ef    0000003d                 : exit.obj (.text)
                  003f032c    00000007                 : _lock.obj (.text)
                  003f0333    00000010                 : args_main.obj (.text)

csm_rsvd   0    003f7f80    00000076     
                  003f7f80    00000076     Passwords.obj (csm_rsvd)

codestart 
*          0    003f7ff6    00000002     
                  003f7ff6    00000002     CodeStartBranch.obj (codestart)

passwords 
*          0    003f7ff8    00000008     
                  003f7ff8    00000008     Passwords.obj (passwords)

.reset     0    003fffc0    00000002     DSECT
                  003fffc0    00000002     rts2800.lib : boot.obj (.reset)

vectors    0    003fffc2    00000000     DSECT

ramdata    1    00000000    00000000     UNINITIALIZED

.data      1    00000000    00000000     UNINITIALIZED

.stack     1    00000000    00000190     UNINITIALIZED

DevEmuRegsFile 
*          1    00000880    000000d6     UNINITIALIZED
                  00000880    000000d6     DSP28_GlobalVariableDefs.obj (DevEmuRegsFile)

FlashRegsFile 
*          1    00000a80    00000008     UNINITIALIZED
                  00000a80    00000008     DSP28_GlobalVariableDefs.obj (FlashRegsFile)

CsmRegsFile 
*          1    00000ae0    00000010     UNINITIALIZED
                  00000ae0    00000010     DSP28_GlobalVariableDefs.obj (CsmRegsFile)

XintfRegsFile 
*          1    00000b20    00000020     UNINITIALIZED
                  00000b20    00000020     DSP28_GlobalVariableDefs.obj (XintfRegsFile)

CpuTimer0RegsFile 
*          1    00000c00    00000008     UNINITIALIZED
                  00000c00    00000008     DSP28_GlobalVariableDefs.obj (CpuTimer0RegsFile)

CpuTimer1RegsFile 
*          1    00000c08    00000008     UNINITIALIZED
                  00000c08    00000008     DSP28_GlobalVariableDefs.obj (CpuTimer1RegsFile)

CpuTimer2RegsFile 
*          1    00000c10    00000008     UNINITIALIZED
                  00000c10    00000008     DSP28_GlobalVariableDefs.obj (CpuTimer2RegsFile)

PieCtrlRegsFile 
*          1    00000ce0    0000001a     UNINITIALIZED
                  00000ce0    0000001a     DSP28_GlobalVariableDefs.obj (PieCtrlRegsFile)

PieVectTable 
*          1    00000d00    00000100     UNINITIALIZED
                  00000d00    00000100     DSP28_GlobalVariableDefs.obj (PieVectTable)

ECanaRegsFile 
*          1    00006000    00000034     UNINITIALIZED
                  00006000    00000034     DSP28_GlobalVariableDefs.obj (ECanaRegsFile)

ECanaMboxesFile 
*          1    00006100    00000100     UNINITIALIZED
                  00006100    00000100     DSP28_GlobalVariableDefs.obj (ECanaMboxesFile)

SysCtrlRegsFile 
*          1    00007010    00000020     UNINITIALIZED
                  00007010    00000020     DSP28_GlobalVariableDefs.obj (SysCtrlRegsFile)

SpiaRegsFile 
*          1    00007040    00000010     UNINITIALIZED
                  00007040    00000010     DSP28_GlobalVariableDefs.obj (SpiaRegsFile)

SciaRegsFile 
*          1    00007050    00000010     UNINITIALIZED
                  00007050    00000010     DSP28_GlobalVariableDefs.obj (SciaRegsFile)

XIntruptRegsFile 
*          1    00007070    00000010     UNINITIALIZED
                  00007070    00000010     DSP28_GlobalVariableDefs.obj (XIntruptRegsFile)

GpioMuxRegsFile 
*          1    000070c0    00000020     UNINITIALIZED
                  000070c0    00000020     DSP28_GlobalVariableDefs.obj (GpioMuxRegsFile)

GpioDataRegsFile 
*          1    000070e0    00000020     UNINITIALIZED
                  000070e0    00000020     DSP28_GlobalVariableDefs.obj (GpioDataRegsFile)

AdcRegsFile 
*          1    00007100    0000001a     UNINITIALIZED
                  00007100    0000001a     DSP28_GlobalVariableDefs.obj (AdcRegsFile)

EvaRegsFile 
*          1    00007400    00000032     UNINITIALIZED
                  00007400    00000032     DSP28_GlobalVariableDefs.obj (EvaRegsFile)

EvbRegsFile 
*          1    00007500    00000032     UNINITIALIZED
                  00007500    00000032     DSP28_GlobalVariableDefs.obj (EvbRegsFile)

ScibRegsFile 
*          1    00007750    00000010     UNINITIALIZED
                  00007750    00000010     DSP28_GlobalVariableDefs.obj (ScibRegsFile)

McbspaRegsFile 
*          1    00007800    00000025     UNINITIALIZED
                  00007800    00000025     DSP28_GlobalVariableDefs.obj (McbspaRegsFile)

.bss       1    00009000    00000084     UNINITIALIZED
                  00009000    00000080     rts2800.lib : exit.obj (.bss)
                  00009080    00000004                 : _lock.obj (.bss)

.ebss      1    00009084    00000013     UNINITIALIZED
                  00009084    00000013     SCI_TEST.obj (.ebss)

.const     1    003f4000    00000000     UNINITIALIZED

.switch    1    003f4000    00000000     UNINITIALIZED

.econst    1    003f4000    00000100     
                  003f4000    00000100     DSP28_PieVect.obj (.econst)

CsmPwlFile 
*          1    003f7ff8    00000008     UNINITIALIZED
                  003f7ff8    00000008     DSP28_GlobalVariableDefs.obj (CsmPwlFile)

.sysmem    1    003f8000    00000000     UNINITIALIZED

.esysmem   1    003f8000    00000000     UNINITIALIZED


GLOBAL SYMBOLS: SORTED ALPHABETICALLY BY Name 

address    name
--------   ----
00009000   .bss
00000000   .data
003f0000   .text
003f030e   C$$EXIT
003f013b   _ADCINT_ISR
00007100   _AdcRegs
003f0186   _CAPINT1_ISR
003f018b   _CAPINT2_ISR
003f0190   _CAPINT3_ISR
003f01d1   _CAPINT4_ISR
003f01d6   _CAPINT5_ISR
003f01db   _CAPINT6_ISR
003f014f   _CMP1INT_ISR
003f0154   _CMP2INT_ISR
003f0159   _CMP3INT_ISR
003f019a   _CMP4INT_ISR
003f019f   _CMP5INT_ISR
003f01a4   _CMP6INT_ISR
00000c00   _CpuTimer0Regs
00000c08   _CpuTimer1Regs
00000c10   _CpuTimer2Regs
003f7ff8   _CsmPwl
00000ae0   _CsmRegs
003f00eb   _DATALOG_ISR
00000880   _DevEmuRegs
003f003a   _E422_Send
003f020d   _ECAN0INTA_ISR
003f0212   _ECAN1INTA_ISR
00006100   _ECanaMboxes
00006000   _ECanaRegs
003f00f5   _EMUINT_ISR
00009089   _ERROR1
0000908a   _ERROR2
00007400   _EvaRegs
00007500   _EvbRegs
00000a80   _FlashRegs
000070e0   _GpioDataRegs
000070c0   _GpioMuxRegs
00009086   _ICE
003f00fa   _ILLEGAL_ISR
003f00d2   _INT13_ISR
003f00d7   _INT14_ISR
00008000   _InitFlash
003f0221   _InitPieCtrl
003f0242   _InitPieVectTable
003f000d   _InitSci
003f0262   _InitSysCtrl
00009087   _LWC
003f01e0   _MRINTA_ISR
003f01e5   _MXINTA_ISR
00007800   _McbspaRegs
003f0296   _MemCopy
003f00dc   _NMI_ISR
003f014a   _PDPINTA_ISR
003f0195   _PDPINTB_ISR
003f0217   _PIE_RESERVED
00000ce0   _PieCtrl
00000d00   _PieVectTable
003f4000   _PieVectTableInit
003f00f0   _RTOSINT_ISR
003ec01b   _RamfuncsLoadEnd
003ec000   _RamfuncsLoadStart
00008000   _RamfuncsRunStart
003f01f4   _SCIRXINTA_ISR
003f0203   _SCIRXINTB_ISR
003f01f9   _SCITXINTA_ISR
003f0208   _SCITXINTB_ISR
003f01ea   _SPIRXINTA_ISR
003f01ef   _SPITXINTA_ISR
00007050   _SciaRegs
00007750   _ScibRegs
00007040   _SpiaRegs
00007010   _SysCtrlRegs
003f0163   _T1CINT_ISR
003f016d   _T1OFINT_ISR
003f015e   _T1PINT_ISR
003f0168   _T1UFINT_ISR
003f0177   _T2CINT_ISR
003f0181   _T2OFINT_ISR
003f0172   _T2PINT_ISR
003f017c   _T2UFINT_ISR
003f01ae   _T3CINT_ISR
003f01b8   _T3OFINT_ISR
003f01a9   _T3PINT_ISR
003f01b3   _T3UFINT_ISR
003f01c2   _T4CINT_ISR
003f01cc   _T4OFINT_ISR
003f01bd   _T4PINT_ISR
003f01c7   _T4UFINT_ISR
003f0140   _TINT0_ISR
003f00ff   _USER0_ISR
003f0131   _USER10_ISR
003f0136   _USER11_ISR
003f0104   _USER1_ISR
003f0109   _USER2_ISR
003f010e   _USER3_ISR
003f0113   _USER4_ISR
003f0118   _USER5_ISR
003f011d   _USER6_ISR
003f0122   _USER7_ISR
003f0127   _USER8_ISR
003f012c   _USER9_ISR
003f0145   _WAKEINT_ISR
003f00e1   _XINT1_ISR
003f00e6   _XINT2_ISR
00007070   _XIntruptRegs
00000b20   _XintfRegs
00000190   __STACK_SIZE
ffffffff   ___binit__
00009000   ___bss__
ffffffff   ___c_args__
003e8000   ___cinit__
00000000   ___data__
00000000   ___edata__
00009084   ___end__
003f0343   ___etext__
ffffffff   ___pinit__
003f0000   ___text__
003f0333   __args_main
00009004   __cleanup_ptr
00009002   __dtors_ptr
00009082   __lock
003f032c   __nop
003f032d   __register_lock
003f0330   __register_unlock
00009080   __unlock
003f032b   _abort
003f0310   _atexit
003f02ab   _c_int00
00009084   _count
003f004c   _eva_timer1_isr
003f02ef   _exit
00009085   _i
003f0000   _init_eva_timer1
00009088   _j
0000908c   _k
003f0065   _main
003f021c   _rsvd_ISR
0000908e   _sj
ffffffff   binit
003e8000   cinit
003f7ff6   code_start
00000000   edata
00009084   end
003f0343   etext
ffffffff   pinit


GLOBAL SYMBOLS: SORTED BY Symbol Address 

address    name
--------   ----
00000000   ___edata__
00000000   ___data__
00000000   edata
00000000   .data
00000190   __STACK_SIZE
00000880   _DevEmuRegs
00000a80   _FlashRegs
00000ae0   _CsmRegs
00000b20   _XintfRegs
00000c00   _CpuTimer0Regs
00000c08   _CpuTimer1Regs
00000c10   _CpuTimer2Regs
00000ce0   _PieCtrl
00000d00   _PieVectTable
00006000   _ECanaRegs
00006100   _ECanaMboxes
00007010   _SysCtrlRegs
00007040   _SpiaRegs
00007050   _SciaRegs
00007070   _XIntruptRegs
000070c0   _GpioMuxRegs
000070e0   _GpioDataRegs
00007100   _AdcRegs
00007400   _EvaRegs
00007500   _EvbRegs
00007750   _ScibRegs
00007800   _McbspaRegs
00008000   _InitFlash
00008000   _RamfuncsRunStart
00009000   ___bss__
00009000   .bss
00009002   __dtors_ptr
00009004   __cleanup_ptr
00009080   __unlock
00009082   __lock
00009084   _count
00009084   ___end__
00009084   end
00009085   _i
00009086   _ICE
00009087   _LWC
00009088   _j
00009089   _ERROR1
0000908a   _ERROR2
0000908c   _k
0000908e   _sj
003e8000   ___cinit__
003e8000   cinit
003ec000   _RamfuncsLoadStart
003ec01b   _RamfuncsLoadEnd
003f0000   .text
003f0000   ___text__
003f0000   _init_eva_timer1
003f000d   _InitSci
003f003a   _E422_Send
003f004c   _eva_timer1_isr
003f0065   _main
003f00d2   _INT13_ISR
003f00d7   _INT14_ISR
003f00dc   _NMI_ISR
003f00e1   _XINT1_ISR
003f00e6   _XINT2_ISR
003f00eb   _DATALOG_ISR
003f00f0   _RTOSINT_ISR
003f00f5   _EMUINT_ISR
003f00fa   _ILLEGAL_ISR
003f00ff   _USER0_ISR
003f0104   _USER1_ISR
003f0109   _USER2_ISR
003f010e   _USER3_ISR
003f0113   _USER4_ISR
003f0118   _USER5_ISR
003f011d   _USER6_ISR
003f0122   _USER7_ISR
003f0127   _USER8_ISR
003f012c   _USER9_ISR
003f0131   _USER10_ISR
003f0136   _USER11_ISR
003f013b   _ADCINT_ISR
003f0140   _TINT0_ISR
003f0145   _WAKEINT_ISR
003f014a   _PDPINTA_ISR
003f014f   _CMP1INT_ISR
003f0154   _CMP2INT_ISR
003f0159   _CMP3INT_ISR
003f015e   _T1PINT_ISR
003f0163   _T1CINT_ISR
003f0168   _T1UFINT_ISR
003f016d   _T1OFINT_ISR
003f0172   _T2PINT_ISR
003f0177   _T2CINT_ISR
003f017c   _T2UFINT_ISR
003f0181   _T2OFINT_ISR
003f0186   _CAPINT1_ISR
003f018b   _CAPINT2_ISR
003f0190   _CAPINT3_ISR
003f0195   _PDPINTB_ISR
003f019a   _CMP4INT_ISR
003f019f   _CMP5INT_ISR
003f01a4   _CMP6INT_ISR
003f01a9   _T3PINT_ISR
003f01ae   _T3CINT_ISR
003f01b3   _T3UFINT_ISR
003f01b8   _T3OFINT_ISR
003f01bd   _T4PINT_ISR
003f01c2   _T4CINT_ISR
003f01c7   _T4UFINT_ISR
003f01cc   _T4OFINT_ISR
003f01d1   _CAPINT4_ISR
003f01d6   _CAPINT5_ISR
003f01db   _CAPINT6_ISR
003f01e0   _MRINTA_ISR
003f01e5   _MXINTA_ISR
003f01ea   _SPIRXINTA_ISR
003f01ef   _SPITXINTA_ISR
003f01f4   _SCIRXINTA_ISR
003f01f9   _SCITXINTA_ISR
003f0203   _SCIRXINTB_ISR
003f0208   _SCITXINTB_ISR
003f020d   _ECAN0INTA_ISR
003f0212   _ECAN1INTA_ISR
003f0217   _PIE_RESERVED
003f021c   _rsvd_ISR
003f0221   _InitPieCtrl
003f0242   _InitPieVectTable
003f0262   _InitSysCtrl
003f0296   _MemCopy
003f02ab   _c_int00
003f02ef   _exit
003f030e   C$$EXIT
003f0310   _atexit
003f032b   _abort
003f032c   __nop
003f032d   __register_lock
003f0330   __register_unlock
003f0333   __args_main
003f0343   ___etext__
003f0343   etext
003f4000   _PieVectTableInit
003f7ff6   code_start
003f7ff8   _CsmPwl
ffffffff   pinit
ffffffff   ___binit__
ffffffff   ___pinit__
ffffffff   binit
ffffffff   ___c_args__

[146 symbols]
